<html>
<body>
<pre>
<h1>µVision Build Log</h1>
<h2>Tool Versions:</h2>
IDE-Version: ¦ÌVision V5.24.2.0
Copyright (C) 2017 ARM Ltd and ARM Germany GmbH. All rights reserved.
License Information: qwer 8613533833093, qwer, LIC=TIVNB-217KY-MM49I-TRW4K-R07QT-GMN3K
 
Tool Versions:
Toolchain:       MDK-ARM Plus  Version: 5.24.1
Toolchain Path:  C:\Keil_v5\ARM\ARMCC\Bin
C Compiler:      Armcc.exe V5.06 update 5 (build 528)
Assembler:       Armasm.exe V5.06 update 5 (build 528)
Linker/Locator:  ArmLink.exe V5.06 update 5 (build 528)
Library Manager: ArmAr.exe V5.06 update 5 (build 528)
Hex Converter:   FromElf.exe V5.06 update 5 (build 528)
CPU DLL:         SARMCM3.DLL V5.24.1
Dialog DLL:      DCM.DLL V1.16.0.0
Target DLL:      STLink\ST-LINKIII-KEIL_SWO.dll V3.0.1.0
Dialog DLL:      TCM.DLL V1.32.0.0
 
<h2>Project:</h2>
C:\Users\86135\Desktop\My_FourWheel\MDK-ARM\FourWheel.uvprojx
Project File Date:  07/23/2025

<h2>Output:</h2>
*** Using Compiler 'V5.06 update 5 (build 528)', folder: 'C:\Keil_v5\ARM\ARMCC\Bin'
Build target 'FourWheel'
compiling freertos.c...
../Core/Src/freertos.c(294): warning:  #177-D: variable "xHigherPriorityTaskWoken"  was declared but never referenced
      BaseType_t xHigherPriorityTaskWoken = pdFALSE;
../Core/Src/freertos.c(403): warning:  #177-D: variable "yaw"  was declared but never referenced
      float yaw;
../Core/Src/freertos.c(404): warning:  #177-D: variable "fAcc"  was declared but never referenced
      float fAcc[3], fGyro[3], fAngle[3];
../Core/Src/freertos.c(404): warning:  #177-D: variable "fGyro"  was declared but never referenced
      float fAcc[3], fGyro[3], fAngle[3];
../Core/Src/freertos.c(405): warning:  #177-D: variable "i"  was declared but never referenced
      int i;
../Core/Src/freertos.c(455): warning:  #177-D: variable "xHigherPriorityTaskWoken"  was declared but never referenced
      BaseType_t xHigherPriorityTaskWoken = pdFALSE;
../Core/Src/freertos.c(656): warning:  #167-D: argument of type "char *" is incompatible with parameter of type "uint8_t *"
          HAL_UART_Receive_IT(&huart2,&mpu_tmp,1);
../Core/Src/freertos.c(1136): warning:  #177-D: function "SendData"  was declared but never referenced
  static void SendData(float value) {
../Core/Src/freertos.c(1148): warning:  #177-D: function "Debug_Acutal_Dis"  was declared but never referenced
  static void Debug_Acutal_Dis() {
../Core/Src/freertos.c(1152): warning:  #177-D: function "Debug_Tar_Dis"  was declared but never referenced
  static void Debug_Tar_Dis() {
../Core/Src/freertos.c(1161): warning:  #177-D: function "Debug_Acutal_Vel"  was declared but never referenced
  static void Debug_Acutal_Vel() {
../Core/Src/freertos.c(1168): warning:  #177-D: function "Debug_Tar_Vel"  was declared but never referenced
  static void Debug_Tar_Vel() {
../Core/Src/freertos.c(1176): warning:  #177-D: function "Debug_mpu"  was declared but never referenced
  static void Debug_mpu() {
../Core/Src/freertos.c(1180): warning:  #177-D: function "Debug_Odom"  was declared but never referenced
  static void Debug_Odom() {
../Core/Src/freertos.c(1194): warning:  #177-D: function "Debug_taskStat"  was declared but never referenced
  static void Debug_taskStat() {
../Core/Src/freertos.c: 15 warnings, 0 errors
linking...
Program Size: Code=35676 RO-data=1356 RW-data=304 ZI-data=22624  
FromELF: creating hex file...
"FourWheel\FourWheel.axf" - 0 Error(s), 15 Warning(s).

<h2>Software Packages used:</h2>

Package Vendor: ARM
                http://www.keil.com/pack/ARM.CMSIS.5.0.1.pack
                ARM.CMSIS.5.0.1
                CMSIS (Cortex Microcontroller Software Interface Standard)
   * Component: CORE Version: 5.0.1

Package Vendor: Keil
                https://www.keil.com/pack/Keil.STM32F4xx_DFP.2.17.1.pack
                Keil.STM32F4xx_DFP.2.17.1
                STMicroelectronics STM32F4 Series Device Support, Drivers and Examples

<h2>Collection of Component include folders:</h2>
  .\RTE\_FourWheel
  C:\Keil_v5\ARM\PACK\ARM\CMSIS\5.0.1\CMSIS\Include
  C:\Keil_v5\ARM\PACK\Keil\STM32F4xx_DFP\2.17.1\Drivers\CMSIS\Device\ST\STM32F4xx\Include

<h2>Collection of Component Files used:</h2>

   * Component: ARM::CMSIS:CORE:5.0.1
Build Time Elapsed:  00:00:03
</pre>
</body>
</html>
