<html>
<body>
<pre>
<h1>µVision Build Log</h1>
<h2>Tool Versions:</h2>
IDE-Version: ¦ÌVision V5.24.2.0
Copyright (C) 2017 ARM Ltd and ARM Germany GmbH. All rights reserved.
License Information: qwer 8613533833093, qwer, LIC=TIVNB-217KY-MM49I-TRW4K-R07QT-GMN3K
 
Tool Versions:
Toolchain:       MDK-ARM Plus  Version: 5.24.1
Toolchain Path:  C:\Keil_v5\ARM\ARMCC\Bin
C Compiler:      Armcc.exe V5.06 update 5 (build 528)
Assembler:       Armasm.exe V5.06 update 5 (build 528)
Linker/Locator:  ArmLink.exe V5.06 update 5 (build 528)
Library Manager: ArmAr.exe V5.06 update 5 (build 528)
Hex Converter:   FromElf.exe V5.06 update 5 (build 528)
CPU DLL:         SARMCM3.DLL V5.24.1
Dialog DLL:      DCM.DLL V1.16.0.0
Target DLL:      STLink\ST-LINKIII-KEIL_SWO.dll V3.0.1.0
Dialog DLL:      TCM.DLL V1.32.0.0
 
<h2>Project:</h2>
C:\Users\86135\Desktop\FourWheel\FourWheel\MDK-ARM\FourWheel.uvprojx
Project File Date:  06/25/2025

<h2>Output:</h2>
*** Using Compiler 'V5.06 update 5 (build 528)', folder: 'C:\Keil_v5\ARM\ARMCC\Bin'
Rebuild target 'FourWheel'
assembling startup_stm32f407xx.s...
compiling list.c...
compiling croutine.c...
compiling event_groups.c...
compiling stream_buffer.c...
compiling queue.c...
compiling tasks.c...
compiling main.c...
compiling timers.c...
compiling stm32f4xx_hal_timebase_tim.c...
compiling usart.c...
../Core/Src/usart.c(486): warning:  #167-D: argument of type "char *" is incompatible with parameter of type "uint8_t *"
      HAL_UART_Receive_IT(&huart2, &mpu_tmp, 1);
../Core/Src/usart.c(505): warning:  #177-D: variable "cnt"  was declared but never referenced
  		static u8 cnt = 0;
../Core/Src/usart.c(508): warning:  #177-D: variable "sum"  was declared but never referenced
  		static u32 sum = 0;
../Core/Src/usart.c: 3 warnings, 0 errors
compiling stm32f4xx_hal_rcc.c...
compiling stm32f4xx_hal_msp.c...
compiling stm32f4xx_hal_flash.c...
compiling stm32f4xx_it.c...
compiling heap_4.c...
compiling stm32f4xx_hal_rcc_ex.c...
compiling stm32f4xx_hal_dma.c...
compiling mpu.c...
compiling stm32f4xx_hal_tim.c...
compiling stm32f4xx_hal_flash_ramfunc.c...
compiling dma.c...
compiling stm32f4xx_hal_pwr_ex.c...
compiling gpio.c...
compiling stm32f4xx_hal_gpio.c...
compiling stm32f4xx_hal_pwr.c...
compiling stm32f4xx_hal_dma_ex.c...
compiling system_stm32f4xx.c...
compiling stm32f4xx_hal_flash_ex.c...
compiling stm32f4xx_hal_tim_ex.c...
compiling stm32f4xx_hal_cortex.c...
compiling stm32f4xx_hal_exti.c...
compiling freertos.c...
../Core/Src/freertos.c(461): warning:  #177-D: variable "yaw"  was declared but never referenced
      float yaw;
../Core/Src/freertos.c(462): warning:  #177-D: variable "fAcc"  was declared but never referenced
      float fAcc[3], fGyro[3], fAngle[3];
../Core/Src/freertos.c(462): warning:  #177-D: variable "fGyro"  was declared but never referenced
      float fAcc[3], fGyro[3], fAngle[3];
../Core/Src/freertos.c(463): warning:  #177-D: variable "i"  was declared but never referenced
      int i;
../Core/Src/freertos.c(512): warning:  #177-D: variable "xHigherPriorityTaskWoken"  was declared but never referenced
      BaseType_t xHigherPriorityTaskWoken = pdFALSE;
../Core/Src/freertos.c(752): warning:  #177-D: variable "buffer"  was declared but never referenced
      uint8_t buffer[4];
../Core/Src/freertos.c(753): warning:  #177-D: variable "Done"  was declared but never referenced
      uint8_t Done[] = "Done";
../Core/Src/freertos.c(810): warning:  #167-D: argument of type "char *" is incompatible with parameter of type "uint8_t *"
          HAL_UART_Receive_IT(&huart2,&mpu_tmp,1);
../Core/Src/freertos.c(1253): warning:  #177-D: function "SendData"  was declared but never referenced
  static void SendData(float value) {
../Core/Src/freertos.c(1265): warning:  #177-D: function "Debug_Acutal_Dis"  was declared but never referenced
  static void Debug_Acutal_Dis() {
../Core/Src/freertos.c(1269): warning:  #177-D: function "Debug_Tar_Dis"  was declared but never referenced
  static void Debug_Tar_Dis() {
../Core/Src/freertos.c(1278): warning:  #177-D: function "Debug_Acutal_Vel"  was declared but never referenced
  static void Debug_Acutal_Vel() {
../Core/Src/freertos.c(1285): warning:  #177-D: function "Debug_Tar_Vel"  was declared but never referenced
  static void Debug_Tar_Vel() {
../Core/Src/freertos.c(1293): warning:  #177-D: function "Debug_mpu"  was declared but never referenced
  static void Debug_mpu() {
../Core/Src/freertos.c(1297): warning:  #177-D: function "Debug_Odom"  was declared but never referenced
  static void Debug_Odom() {
../Core/Src/freertos.c(1311): warning:  #177-D: function "Debug_taskStat"  was declared but never referenced
  static void Debug_taskStat() {
../Core/Src/freertos.c: 16 warnings, 0 errors
compiling port.c...
compiling stm32f4xx_hal.c...
compiling stm32f4xx_hal_uart.c...
compiling tim.c...
compiling motor.c...
compiling pid.c...
..\PID\pid.c(23): warning:  #9-D: nested comment is not allowed
  /* -------------------------------- end -------------------------------- */
..\PID\pid.c(52): warning:  #9-D: nested comment is not allowed
  /* -------------------------------- end -------------------------------- */
..\PID\pid.c: 2 warnings, 0 errors
compiling lowpass_filter.c...
compiling cmsis_os2.c...
linking...
Program Size: Code=33580 RO-data=1372 RW-data=288 ZI-data=22472  
FromELF: creating hex file...
"FourWheel\FourWheel.axf" - 0 Error(s), 21 Warning(s).

<h2>Software Packages used:</h2>

Package Vendor: ARM
                http://www.keil.com/pack/ARM.CMSIS.5.0.1.pack
                ARM.CMSIS.5.0.1
                CMSIS (Cortex Microcontroller Software Interface Standard)
   * Component: CORE Version: 5.0.1

Package Vendor: Keil
                https://www.keil.com/pack/Keil.STM32F4xx_DFP.2.17.1.pack
                Keil.STM32F4xx_DFP.2.17.1
                STMicroelectronics STM32F4 Series Device Support, Drivers and Examples

<h2>Collection of Component include folders:</h2>
  .\RTE\_FourWheel
  C:\Keil_v5\ARM\PACK\ARM\CMSIS\5.0.1\CMSIS\Include
  C:\Keil_v5\ARM\PACK\Keil\STM32F4xx_DFP\2.17.1\Drivers\CMSIS\Device\ST\STM32F4xx\Include

<h2>Collection of Component Files used:</h2>

   * Component: ARM::CMSIS:CORE:5.0.1
Build Time Elapsed:  00:00:08
</pre>
</body>
</html>
