Component: ARM Compiler 5.06 update 5 (build 528) Tool: armlink [4d35e2]

==============================================================================

Section Cross References

    startup_stm32f407xx.o(RESET) refers to startup_stm32f407xx.o(STACK) for __initial_sp
    startup_stm32f407xx.o(RESET) refers to startup_stm32f407xx.o(.text) for Reset_Handler
    startup_stm32f407xx.o(RESET) refers to stm32f4xx_it.o(i.NMI_Handler) for NMI_Handler
    startup_stm32f407xx.o(RESET) refers to stm32f4xx_it.o(i.HardFault_Handler) for HardFault_Handler
    startup_stm32f407xx.o(RESET) refers to stm32f4xx_it.o(i.MemManage_Handler) for MemManage_Handler
    startup_stm32f407xx.o(RESET) refers to stm32f4xx_it.o(i.BusFault_Handler) for BusFault_Handler
    startup_stm32f407xx.o(RESET) refers to stm32f4xx_it.o(i.UsageFault_Handler) for UsageFault_Handler
    startup_stm32f407xx.o(RESET) refers to port.o(.emb_text) for SVC_Handler
    startup_stm32f407xx.o(RESET) refers to stm32f4xx_it.o(i.DebugMon_Handler) for DebugMon_Handler
    startup_stm32f407xx.o(RESET) refers to cmsis_os2.o(i.SysTick_Handler) for SysTick_Handler
    startup_stm32f407xx.o(RESET) refers to stm32f4xx_it.o(i.DMA1_Stream1_IRQHandler) for DMA1_Stream1_IRQHandler
    startup_stm32f407xx.o(RESET) refers to stm32f4xx_it.o(i.DMA1_Stream3_IRQHandler) for DMA1_Stream3_IRQHandler
    startup_stm32f407xx.o(RESET) refers to stm32f4xx_it.o(i.DMA1_Stream6_IRQHandler) for DMA1_Stream6_IRQHandler
    startup_stm32f407xx.o(RESET) refers to stm32f4xx_it.o(i.USART1_IRQHandler) for USART1_IRQHandler
    startup_stm32f407xx.o(RESET) refers to stm32f4xx_it.o(i.USART2_IRQHandler) for USART2_IRQHandler
    startup_stm32f407xx.o(RESET) refers to stm32f4xx_it.o(i.USART3_IRQHandler) for USART3_IRQHandler
    startup_stm32f407xx.o(RESET) refers to stm32f4xx_it.o(i.TIM8_TRG_COM_TIM14_IRQHandler) for TIM8_TRG_COM_TIM14_IRQHandler
    startup_stm32f407xx.o(RESET) refers to stm32f4xx_it.o(i.UART4_IRQHandler) for UART4_IRQHandler
    startup_stm32f407xx.o(RESET) refers to stm32f4xx_it.o(i.DMA2_Stream2_IRQHandler) for DMA2_Stream2_IRQHandler
    startup_stm32f407xx.o(RESET) refers to stm32f4xx_it.o(i.DMA2_Stream7_IRQHandler) for DMA2_Stream7_IRQHandler
    startup_stm32f407xx.o(.text) refers to system_stm32f4xx.o(i.SystemInit) for SystemInit
    startup_stm32f407xx.o(.text) refers to entry.o(.ARM.Collect$$$$00000000) for __main
    main.o(i.HAL_TIM_PeriodElapsedCallback) refers to stm32f4xx_hal.o(i.HAL_IncTick) for HAL_IncTick
    main.o(i.SystemClock_Config) refers to memseta.o(.text) for __aeabi_memclr4
    main.o(i.SystemClock_Config) refers to stm32f4xx_hal_rcc.o(i.HAL_RCC_OscConfig) for HAL_RCC_OscConfig
    main.o(i.SystemClock_Config) refers to stm32f4xx_hal_rcc.o(i.HAL_RCC_ClockConfig) for HAL_RCC_ClockConfig
    main.o(i.main) refers to stm32f4xx_hal.o(i.HAL_Init) for HAL_Init
    main.o(i.main) refers to main.o(i.SystemClock_Config) for SystemClock_Config
    main.o(i.main) refers to gpio.o(i.MX_GPIO_Init) for MX_GPIO_Init
    main.o(i.main) refers to dma.o(i.MX_DMA_Init) for MX_DMA_Init
    main.o(i.main) refers to tim.o(i.MX_TIM1_Init) for MX_TIM1_Init
    main.o(i.main) refers to tim.o(i.MX_TIM2_Init) for MX_TIM2_Init
    main.o(i.main) refers to tim.o(i.MX_TIM3_Init) for MX_TIM3_Init
    main.o(i.main) refers to tim.o(i.MX_TIM4_Init) for MX_TIM4_Init
    main.o(i.main) refers to tim.o(i.MX_TIM5_Init) for MX_TIM5_Init
    main.o(i.main) refers to usart.o(i.MX_USART1_UART_Init) for MX_USART1_UART_Init
    main.o(i.main) refers to tim.o(i.MX_TIM9_Init) for MX_TIM9_Init
    main.o(i.main) refers to tim.o(i.MX_TIM10_Init) for MX_TIM10_Init
    main.o(i.main) refers to tim.o(i.MX_TIM11_Init) for MX_TIM11_Init
    main.o(i.main) refers to usart.o(i.MX_USART3_UART_Init) for MX_USART3_UART_Init
    main.o(i.main) refers to usart.o(i.MX_USART2_UART_Init) for MX_USART2_UART_Init
    main.o(i.main) refers to usart.o(i.MX_UART4_Init) for MX_UART4_Init
    main.o(i.main) refers to motor.o(i.Motor_init) for Motor_init
    main.o(i.main) refers to stm32f4xx_hal_uart.o(i.HAL_UARTEx_ReceiveToIdle_DMA) for HAL_UARTEx_ReceiveToIdle_DMA
    main.o(i.main) refers to cmsis_os2.o(i.osKernelInitialize) for osKernelInitialize
    main.o(i.main) refers to freertos.o(i.MX_FREERTOS_Init) for MX_FREERTOS_Init
    main.o(i.main) refers to cmsis_os2.o(i.osKernelStart) for osKernelStart
    main.o(i.main) refers to freertos.o(.bss) for ORDER_DATA
    main.o(i.main) refers to usart.o(.bss) for huart3
    gpio.o(i.MX_GPIO_Init) refers to memseta.o(.text) for __aeabi_memclr4
    gpio.o(i.MX_GPIO_Init) refers to stm32f4xx_hal_gpio.o(i.HAL_GPIO_WritePin) for HAL_GPIO_WritePin
    gpio.o(i.MX_GPIO_Init) refers to stm32f4xx_hal_gpio.o(i.HAL_GPIO_Init) for HAL_GPIO_Init
    freertos.o(i.AutoScanSensor) refers to usart.o(i.MPU_Usart_Init) for MPU_Usart_Init
    freertos.o(i.AutoScanSensor) refers to mpu.o(i.WitReadReg) for WitReadReg
[...]
    _printf_return_value                     0x00000000   Number         0  stubs.o ABSOLUTE
    _printf_s                                0x00000000   Number         0  stubs.o ABSOLUTE
    _printf_sizespec                         0x00000000   Number         0  stubs.o ABSOLUTE
    _printf_str                              0x00000000   Number         0  stubs.o ABSOLUTE
    _printf_truncate_signed                  0x00000000   Number         0  stubs.o ABSOLUTE
    _printf_truncate_unsigned                0x00000000   Number         0  stubs.o ABSOLUTE
    _printf_u                                0x00000000   Number         0  stubs.o ABSOLUTE
    _printf_wc                               0x00000000   Number         0  stubs.o ABSOLUTE
    _printf_wctomb                           0x00000000   Number         0  stubs.o ABSOLUTE
    _printf_widthprec                        0x00000000   Number         0  stubs.o ABSOLUTE
    _printf_x                                0x00000000   Number         0  stubs.o ABSOLUTE
    __cpp_initialize__aeabi_                  - Undefined Weak Reference
    __cxa_finalize                            - Undefined Weak Reference
    _clock_init                               - Undefined Weak Reference
    _microlib_exit                            - Undefined Weak Reference
    _scanf_longlong                           - Undefined Weak Reference
    _scanf_string                             - Undefined Weak Reference
    __Vectors_Size                           0x00000188   Number         0  startup_stm32f407xx.o ABSOLUTE
    __Vectors                                0x08000000   Data           4  startup_stm32f407xx.o(RESET)
    __Vectors_End                            0x08000188   Data           0  startup_stm32f407xx.o(RESET)
    __main                                   0x08000189   Thumb Code     0  entry.o(.ARM.Collect$$$$00000000)
    _main_stk                                0x08000189   Thumb Code     0  entry2.o(.ARM.Collect$$$$00000001)
    _main_scatterload                        0x0800018d   Thumb Code     0  entry5.o(.ARM.Collect$$$$00000004)
    __main_after_scatterload                 0x08000191   Thumb Code     0  entry5.o(.ARM.Collect$$$$00000004)
    _main_clock                              0x08000191   Thumb Code     0  entry7b.o(.ARM.Collect$$$$00000008)
    _main_cpp_init                           0x08000191   Thumb Code     0  entry8b.o(.ARM.Collect$$$$0000000A)
    _main_init                               0x08000191   Thumb Code     0  entry9a.o(.ARM.Collect$$$$0000000B)
    __rt_final_cpp                           0x08000199   Thumb Code     0  entry10a.o(.ARM.Collect$$$$0000000D)
    __rt_final_exit                          0x08000199   Thumb Code     0  entry11a.o(.ARM.Collect$$$$0000000F)
    SVC_Handler                              0x0800019d   Thumb Code    28  port.o(.emb_text)
    __asm___6_port_c_39a90d8d__prvStartFirstTask 0x080001bd   Thumb Code    36  port.o(.emb_text)
    __asm___6_port_c_39a90d8d__prvEnableVFP  0x080001e5   Thumb Code    16  port.o(.emb_text)
    PendSV_Handler                           0x080001f9   Thumb Code    88  port.o(.emb_text)
    vPortGetIPSR                             0x08000255   Thumb Code     6  port.o(.emb_text)
    Reset_Handler                            0x0800025d   Thumb Code     8  startup_stm32f407xx.o(.text)
    ADC_IRQHandler                           0x08000277   Thumb Code     0  startup_stm32f407xx.o(.text)
    CAN1_RX0_IRQHandler                      0x08000277   Thumb Code     0  startup_stm32f407xx.o(.text)
    CAN1_RX1_IRQHandler                      0x08000277   Thumb Code     0  startup_stm32f407xx.o(.text)
    CAN1_SCE_IRQHandler                      0x08000277   Thumb Code     0  startup_stm32f407xx.o(.text)
    CAN1_TX_IRQHandler                       0x08000277   Thumb Code     0  startup_stm32f407xx.o(.text)
    CAN2_RX0_IRQHandler                      0x08000277   Thumb Code     0  startup_stm32f407xx.o(.text)
    CAN2_RX1_IRQHandler                      0x08000277   Thumb Code     0  startup_stm32f407xx.o(.text)
    CAN2_SCE_IRQHandler                      0x08000277   Thumb Code     0  startup_stm32f407xx.o(.text)
    CAN2_TX_IRQHandler                       0x08000277   Thumb Code     0  startup_stm32f407xx.o(.text)
    DCMI_IRQHandler                          0x08000277   Thumb Code     0  startup_stm32f407xx.o(.text)
    DMA1_Stream0_IRQHandler                  0x08000277   Thumb Code     0  startup_stm32f407xx.o(.text)
    DMA1_Stream2_IRQHandler                  0x08000277   Thumb Code     0  startup_stm32f407xx.o(.text)
    DMA1_Stream4_IRQHandler                  0x08000277   Thumb Code     0  startup_stm32f407xx.o(.text)
    DMA1_Stream5_IRQHandler                  0x08000277   Thumb Code     0  startup_stm32f407xx.o(.text)
    DMA1_Stream7_IRQHandler                  0x08000277   Thumb Code     0  startup_stm32f407xx.o(.text)
    DMA2_Stream0_IRQHandler                  0x08000277   Thumb Code     0  startup_stm32f407xx.o(.text)
    DMA2_Stream1_IRQHandler                  0x08000277   Thumb Code     0  startup_stm32f407xx.o(.text)
    DMA2_Stream3_IRQHandler                  0x08000277   Thumb Code     0  startup_stm32f407xx.o(.text)
    DMA2_Stream4_IRQHandler                  0x08000277   Thumb Code     0  startup_stm32f407xx.o(.text)
    DMA2_Stream5_IRQHandler                  0x08000277   Thumb Code     0  startup_stm32f407xx.o(.text)
    DMA2_Stream6_IRQHandler                  0x08000277   Thumb Code     0  startup_stm32f407xx.o(.text)
    ETH_IRQHandler                           0x08000277   Thumb Code     0  startup_stm32f407xx.o(.text)
    ETH_WKUP_IRQHandler                      0x08000277   Thumb Code     0  startup_stm32f407xx.o(.text)
    EXTI0_IRQHandler                         0x08000277   Thumb Code     0  startup_stm32f407xx.o(.text)
    EXTI15_10_IRQHandler                     0x08000277   Thumb Code     0  startup_stm32f407xx.o(.text)
    EXTI1_IRQHandler                         0x08000277   Thumb Code     0  startup_stm32f407xx.o(.text)
    EXTI2_IRQHandler                         0x08000277   Thumb Code     0  startup_stm32f407xx.o(.text)
    EXTI3_IRQHandler                         0x08000277   Thumb Code     0  startup_stm32f407xx.o(.text)
    EXTI4_IRQHandler                         0x08000277   Thumb Code     0  startup_stm32f407xx.o(.text)
    EXTI9_5_IRQHandler                       0x08000277   Thumb Code     0  startup_stm32f407xx.o(.text)
    FLASH_IRQHandler                         0x08000277   Thumb Code     0  startup_stm32f407xx.o(.text)
    FMC_IRQHandler                           0x08000277   Thumb Code     0  startup_stm32f407xx.o(.text)
    FPU_IRQHandler                           0x08000277   Thumb Code     0  startup_stm32f407xx.o(.text)
    HASH_RNG_IRQHandler                      0x08000277   Thumb Code     0  startup_stm32f407xx.o(.text)
    I2C1_ER_IRQHandler                       0x08000277   Thumb Code     0  startup_stm32f407xx.o(.text)
    I2C1_EV_IRQHandler                       0x08000277   Thumb Code     0  startup_stm32f407xx.o(.text)
    I2C2_ER_IRQHandler                       0x08000277   Thumb Code     0  startup_stm32f407xx.o(.text)
    I2C2_EV_IRQHandler                       0x08000277   Thumb Code     0  startup_stm32f407xx.o(.text)
    I2C3_ER_IRQHandler                       0x08000277   Thumb Code     0  startup_stm32f407xx.o(.text)
    I2C3_EV_IRQHandler                       0x08000277   Thumb Code     0  startup_stm32f407xx.o(.text)
    OTG_FS_IRQHandler                        0x08000277   Thumb Code     0  startup_stm32f407xx.o(.text)
    OTG_FS_WKUP_IRQHandler                   0x08000277   Thumb Code     0  startup_stm32f407xx.o(.text)
    OTG_HS_EP1_IN_IRQHandler                 0x08000277   Thumb Code     0  startup_stm32f407xx.o(.text)
    OTG_HS_EP1_OUT_IRQHandler                0x08000277   Thumb Code     0  startup_stm32f407xx.o(.text)
    OTG_HS_IRQHandler                        0x08000277   Thumb Code     0  startup_stm32f407xx.o(.text)
    OTG_HS_WKUP_IRQHandler                   0x08000277   Thumb Code     0  startup_stm32f407xx.o(.text)
    PVD_IRQHandler                           0x08000277   Thumb Code     0  startup_stm32f407xx.o(.text)
    RCC_IRQHandler                           0x08000277   Thumb Code     0  startup_stm32f407xx.o(.text)
    RTC_Alarm_IRQHandler                     0x08000277   Thumb Code     0  startup_stm32f407xx.o(.text)
    RTC_WKUP_IRQHandler                      0x08000277   Thumb Code     0  startup_stm32f407xx.o(.text)
    SDIO_IRQHandler                          0x08000277   Thumb Code     0  startup_stm32f407xx.o(.text)
    SPI1_IRQHandler                          0x08000277   Thumb Code     0  startup_stm32f407xx.o(.text)
    SPI2_IRQHandler                          0x08000277   Thumb Code     0  startup_stm32f407xx.o(.text)
    SPI3_IRQHandler                          0x08000277   Thumb Code     0  startup_stm32f407xx.o(.text)
    TAMP_STAMP_IRQHandler                    0x08000277   Thumb Code     0  startup_stm32f407xx.o(.text)
    TIM1_BRK_TIM9_IRQHandler                 0x08000277   Thumb Code     0  startup_stm32f407xx.o(.text)
    TIM1_CC_IRQHandler                       0x08000277   Thumb Code     0  startup_stm32f407xx.o(.text)
    TIM1_TRG_COM_TIM11_IRQHandler            0x08000277   Thumb Code     0  startup_stm32f407xx.o(.text)
    TIM1_UP_TIM10_IRQHandler                 0x08000277   Thumb Code     0  startup_stm32f407xx.o(.text)
    TIM2_IRQHandler                          0x08000277   Thumb Code     0  startup_stm32f407xx.o(.text)
    TIM3_IRQHandler                          0x08000277   Thumb Code     0  startup_stm32f407xx.o(.text)
    TIM4_IRQHandler                          0x08000277   Thumb Code     0  startup_stm32f407xx.o(.text)
    TIM5_IRQHandler                          0x08000277   Thumb Code     0  startup_stm32f407xx.o(.text)
    TIM6_DAC_IRQHandler                      0x08000277   Thumb Code     0  startup_stm32f407xx.o(.text)
    TIM7_IRQHandler                          0x08000277   Thumb Code     0  startup_stm32f407xx.o(.text)
    TIM8_BRK_TIM12_IRQHandler                0x08000277   Thumb Code     0  startup_stm32f407xx.o(.text)
    TIM8_CC_IRQHandler                       0x08000277   Thumb Code     0  startup_stm32f407xx.o(.text)
    TIM8_UP_TIM13_IRQHandler                 0x08000277   Thumb Code     0  startup_stm32f407xx.o(.text)
    UART5_IRQHandler                         0x08000277   Thumb Code     0  startup_stm32f407xx.o(.text)
    USART6_IRQHandler                        0x08000277   Thumb Code     0  startup_stm32f407xx.o(.text)
    WWDG_IRQHandler                          0x08000277   Thumb Code     0  startup_stm32f407xx.o(.text)
    __aeabi_uldivmod                         0x08000281   Thumb Code    98  uldiv.o(.text)
    __aeabi_memcpy                           0x080002e3   Thumb Code    36  memcpya.o(.text)
    __aeabi_memcpy4                          0x080002e3   Thumb Code     0  memcpya.o(.text)
    __aeabi_memcpy8                          0x080002e3   Thumb Code     0  memcpya.o(.text)
    __aeabi_memset                           0x08000307   Thumb Code    14  memseta.o(.text)
    __aeabi_memset4                          0x08000307   Thumb Code     0  memseta.o(.text)
    __aeabi_memset8                          0x08000307   Thumb Code     0  memseta.o(.text)
    __aeabi_memclr                           0x08000315   Thumb Code     4  memseta.o(.text)
    __aeabi_memclr4                          0x08000315   Thumb Code     0  memseta.o(.text)
    __aeabi_memclr8                          0x08000315   Thumb Code     0  memseta.o(.text)
    memset                                   0x08000319   Thumb Code    18  memseta.o(.text)
    strlen                                   0x0800032b   Thumb Code    14  strlen.o(.text)
    __0sscanf                                0x08000339   Thumb Code    48  __0sscanf.o(.text)
    _scanf_int                               0x08000371   Thumb Code   332  _scanf_int.o(.text)
    _scanf_real                              0x080005e5   Thumb Code     0  scanf_fp.o(.text)
    _scanf_really_real                       0x080005e5   Thumb Code   556  scanf_fp.o(.text)
    __aeabi_dmul                             0x0800081d   Thumb Code   228  dmul.o(.text)
    __aeabi_ddiv                             0x08000901   Thumb Code   222  ddiv.o(.text)
    __aeabi_i2d                              0x080009df   Thumb Code    34  dflti.o(.text)
    __aeabi_f2d                              0x08000a01   Thumb Code    38  f2d.o(.text)
    __aeabi_d2f                              0x08000a27   Thumb Code    56  d2f.o(.text)
    __aeabi_uidiv                            0x08000a5f   Thumb Code     0  uidiv.o(.text)
    __aeabi_uidivmod                         0x08000a5f   Thumb Code    44  uidiv.o(.text)
    __aeabi_llsl                             0x08000a8b   Thumb Code    30  llshl.o(.text)
    _ll_shift_l                              0x08000a8b   Thumb Code     0  llshl.o(.text)
    __aeabi_llsr                             0x08000aa9   Thumb Code    32  llushr.o(.text)
    _ll_ushift_r                             0x08000aa9   Thumb Code     0  llushr.o(.text)
    _chval                                   0x08000ac9   Thumb Code    28  _chval.o(.text)
    __vfscanf_char                           0x08000af1   Thumb Code    20  scanf_char.o(.text)
    _sgetc                                   0x08000b0d   Thumb Code    30  _sgetc.o(.text)
    _sbackspace                              0x08000b2b   Thumb Code    34  _sgetc.o(.text)
    __I$use$fp                               0x08000b4d   Thumb Code     0  iusefp.o(.text)
    _float_round                             0x08000b4d   Thumb Code    18  fepilogue.o(.text)
    _float_epilogue                          0x08000b5f   Thumb Code    92  fepilogue.o(.text)
    _frem                                    0x08000bbb   Thumb Code    82  frem.o(.text)
    _double_round                            0x08000c0d   Thumb Code    30  depilogue.o(.text)
    _double_epilogue                         0x08000c2b   Thumb Code   156  depilogue.o(.text)
    __aeabi_dadd                             0x08000cc7   Thumb Code   322  dadd.o(.text)
    __aeabi_dsub                             0x08000e09   Thumb Code     6  dadd.o(.text)
    __aeabi_drsub                            0x08000e0f   Thumb Code     6  dadd.o(.text)
    __aeabi_ul2d                             0x08000e15   Thumb Code    24  dfltul.o(.text)
    __aeabi_d2ulz                            0x08000e2d   Thumb Code    48  dfixul.o(.text)
    __aeabi_cdrcmple                         0x08000e5d   Thumb Code    48  cdrcmple.o(.text)
    __scatterload                            0x08000e8d   Thumb Code    28  init.o(.text)
    __scatterload_rt2                        0x08000e8d   Thumb Code     0  init.o(.text)
    __aeabi_lasr                             0x08000eb1   Thumb Code    36  llsshr.o(.text)
    _ll_sshift_r                             0x08000eb1   Thumb Code     0  llsshr.o(.text)
    isspace                                  0x08000ed5   Thumb Code    10  isspace_c.o(.text)
    __vfscanf                                0x08000ee1   Thumb Code   808  _scanf.o(.text)
    __ctype_lookup                           0x0800120d   Thumb Code    34  ctype_c.o(.text)
    __decompress                             0x08001235   Thumb Code     0  __dczerorl.o(.text)
    __decompress0                            0x08001235   Thumb Code    58  __dczerorl.o(.text)
    BusFault_Handler                         0x0800131f   Thumb Code     2  stm32f4xx_it.o(i.BusFault_Handler)
    CarDisCalibration                        0x08001321   Thumb Code   314  pid.o(i.CarDisCalibration)
    CarDisSet                                0x08001461   Thumb Code   366  pid.o(i.CarDisSet)
    CarInv_Kinematics                        0x080015d5   Thumb Code   434  motor.o(i.CarInv_Kinematics)
    CarSitaCalibration                       0x080017b5   Thumb Code    70  pid.o(i.CarSitaCalibration)
    CarSitaSet                               0x080017fd   Thumb Code   138  pid.o(i.CarSitaSet)
    CheckRange                               0x0800189d   Thumb Code    16  mpu.o(i.CheckRange)
    DMA1_Stream1_IRQHandler                  0x08001ab1   Thumb Code     6  stm32f4xx_it.o(i.DMA1_Stream1_IRQHandler)
    DMA1_Stream3_IRQHandler                  0x08001abd   Thumb Code     6  stm32f4xx_it.o(i.DMA1_Stream3_IRQHandler)
    DMA1_Stream6_IRQHandler                  0x08001ac9   Thumb Code     6  stm32f4xx_it.o(i.DMA1_Stream6_IRQHandler)
    DMA2_Stream2_IRQHandler                  0x08001ad5   Thumb Code     6  stm32f4xx_it.o(i.DMA2_Stream2_IRQHandler)
    DMA2_Stream7_IRQHandler                  0x08001ae1   Thumb Code     6  stm32f4xx_it.o(i.DMA2_Stream7_IRQHandler)
    DataSend                                 0x08001b91   Thumb Code    80  freertos.o(i.DataSend)
    DebugMon_Handler                         0x08001c05   Thumb Code     2  stm32f4xx_it.o(i.DebugMon_Handler)
    Error_Handler                            0x08001c0b   Thumb Code     4  main.o(i.Error_Handler)
    HAL_DMA_Abort                            0x08001c0f   Thumb Code   146  stm32f4xx_hal_dma.o(i.HAL_DMA_Abort)
    HAL_DMA_Abort_IT                         0x08001ca1   Thumb Code    36  stm32f4xx_hal_dma.o(i.HAL_DMA_Abort_IT)
    HAL_DMA_DeInit                           0x08001cc5   Thumb Code    98  stm32f4xx_hal_dma.o(i.HAL_DMA_DeInit)
    HAL_DMA_IRQHandler                       0x08001d29   Thumb Code   412  stm32f4xx_hal_dma.o(i.HAL_DMA_IRQHandler)
    HAL_DMA_Init                             0x08001ec9   Thumb Code   206  stm32f4xx_hal_dma.o(i.HAL_DMA_Init)
    HAL_DMA_Start_IT                         0x08001f9d   Thumb Code   110  stm32f4xx_hal_dma.o(i.HAL_DMA_Start_IT)
    HAL_Delay                                0x0800200d   Thumb Code    32  stm32f4xx_hal.o(i.HAL_Delay)
    HAL_GPIO_DeInit                          0x08002031   Thumb Code   320  stm32f4xx_hal_gpio.o(i.HAL_GPIO_DeInit)
    HAL_GPIO_Init                            0x08002199   Thumb Code   450  stm32f4xx_hal_gpio.o(i.HAL_GPIO_Init)
    HAL_GPIO_TogglePin                       0x08002389   Thumb Code    16  stm32f4xx_hal_gpio.o(i.HAL_GPIO_TogglePin)
    HAL_GPIO_WritePin                        0x08002399   Thumb Code    10  stm32f4xx_hal_gpio.o(i.HAL_GPIO_WritePin)
    HAL_GetTick                              0x080023a5   Thumb Code     6  stm32f4xx_hal.o(i.HAL_GetTick)
    HAL_IncTick                              0x080023b1   Thumb Code    12  stm32f4xx_hal.o(i.HAL_IncTick)
    HAL_Init                                 0x080023c1   Thumb Code    48  stm32f4xx_hal.o(i.HAL_Init)
    HAL_InitTick                             0x080023f5   Thumb Code   132  stm32f4xx_hal_timebase_tim.o(i.HAL_InitTick)
    HAL_MspInit                              0x0800248d   Thumb Code    52  stm32f4xx_hal_msp.o(i.HAL_MspInit)
    HAL_NVIC_DisableIRQ                      0x080024c5   Thumb Code    34  stm32f4xx_hal_cortex.o(i.HAL_NVIC_DisableIRQ)
    HAL_NVIC_EnableIRQ                       0x080024e7   Thumb Code    26  stm32f4xx_hal_cortex.o(i.HAL_NVIC_EnableIRQ)
    HAL_NVIC_SetPriority                     0x08002501   Thumb Code    60  stm32f4xx_hal_cortex.o(i.HAL_NVIC_SetPriority)
    HAL_NVIC_SetPriorityGrouping             0x08002541   Thumb Code    26  stm32f4xx_hal_cortex.o(i.HAL_NVIC_SetPriorityGrouping)
    HAL_RCC_ClockConfig                      0x08002565   Thumb Code   288  stm32f4xx_hal_rcc.o(i.HAL_RCC_ClockConfig)
    HAL_RCC_GetClockConfig                   0x08002699   Thumb Code    54  stm32f4xx_hal_rcc.o(i.HAL_RCC_GetClockConfig)
    HAL_RCC_GetPCLK1Freq                     0x080026d9   Thumb Code    20  stm32f4xx_hal_rcc.o(i.HAL_RCC_GetPCLK1Freq)
    HAL_RCC_GetPCLK2Freq                     0x080026f9   Thumb Code    20  stm32f4xx_hal_rcc.o(i.HAL_RCC_GetPCLK2Freq)
    HAL_RCC_GetSysClockFreq                  0x08002719   Thumb Code    88  stm32f4xx_hal_rcc.o(i.HAL_RCC_GetSysClockFreq)
    HAL_RCC_OscConfig                        0x08002779   Thumb Code   856  stm32f4xx_hal_rcc.o(i.HAL_RCC_OscConfig)
    HAL_TIMEx_BreakCallback                  0x08002ae5   Thumb Code     2  stm32f4xx_hal_tim_ex.o(i.HAL_TIMEx_BreakCallback)
    HAL_TIMEx_CommutCallback                 0x08002ae7   Thumb Code     2  stm32f4xx_hal_tim_ex.o(i.HAL_TIMEx_CommutCallback)
    HAL_TIMEx_ConfigBreakDeadTime            0x08002ae9   Thumb Code    84  stm32f4xx_hal_tim_ex.o(i.HAL_TIMEx_ConfigBreakDeadTime)
    HAL_TIMEx_MasterConfigSynchronization    0x08002b3d   Thumb Code   116  stm32f4xx_hal_tim_ex.o(i.HAL_TIMEx_MasterConfigSynchronization)
    HAL_TIM_Base_Init                        0x08002bcd   Thumb Code    90  stm32f4xx_hal_tim.o(i.HAL_TIM_Base_Init)
    HAL_TIM_Base_MspInit                     0x08002c29   Thumb Code    96  tim.o(i.HAL_TIM_Base_MspInit)
    HAL_TIM_Base_Start_IT                    0x08002c9d   Thumb Code   100  stm32f4xx_hal_tim.o(i.HAL_TIM_Base_Start_IT)
    HAL_TIM_ConfigClockSource                0x08002d1d   Thumb Code   220  stm32f4xx_hal_tim.o(i.HAL_TIM_ConfigClockSource)
    HAL_TIM_Encoder_Init                     0x08002df9   Thumb Code   164  stm32f4xx_hal_tim.o(i.HAL_TIM_Encoder_Init)
    HAL_TIM_Encoder_MspInit                  0x08002e9d   Thumb Code   284  tim.o(i.HAL_TIM_Encoder_MspInit)
    HAL_TIM_Encoder_Start                    0x08002fd1   Thumb Code   142  stm32f4xx_hal_tim.o(i.HAL_TIM_Encoder_Start)
    HAL_TIM_IC_CaptureCallback               0x0800305f   Thumb Code     2  stm32f4xx_hal_tim.o(i.HAL_TIM_IC_CaptureCallback)
    HAL_TIM_IRQHandler                       0x08003061   Thumb Code   304  stm32f4xx_hal_tim.o(i.HAL_TIM_IRQHandler)
    HAL_TIM_MspPostInit                      0x08003191   Thumb Code   166  tim.o(i.HAL_TIM_MspPostInit)
    HAL_TIM_OC_DelayElapsedCallback          0x08003255   Thumb Code     2  stm32f4xx_hal_tim.o(i.HAL_TIM_OC_DelayElapsedCallback)
    HAL_TIM_PWM_ConfigChannel                0x08003257   Thumb Code   204  stm32f4xx_hal_tim.o(i.HAL_TIM_PWM_ConfigChannel)
    HAL_TIM_PWM_Init                         0x08003323   Thumb Code    90  stm32f4xx_hal_tim.o(i.HAL_TIM_PWM_Init)
    HAL_TIM_PWM_MspInit                      0x0800337d   Thumb Code     2  stm32f4xx_hal_tim.o(i.HAL_TIM_PWM_MspInit)
    HAL_TIM_PWM_PulseFinishedCallback        0x0800337f   Thumb Code     2  stm32f4xx_hal_tim.o(i.HAL_TIM_PWM_PulseFinishedCallback)
    HAL_TIM_PWM_Start                        0x08003381   Thumb Code   172  stm32f4xx_hal_tim.o(i.HAL_TIM_PWM_Start)
    HAL_TIM_PeriodElapsedCallback            0x08003449   Thumb Code    14  main.o(i.HAL_TIM_PeriodElapsedCallback)
    HAL_TIM_TriggerCallback                  0x0800345d   Thumb Code     2  stm32f4xx_hal_tim.o(i.HAL_TIM_TriggerCallback)
    HAL_UARTEx_ReceiveToIdle_DMA             0x0800345f   Thumb Code    74  stm32f4xx_hal_uart.o(i.HAL_UARTEx_ReceiveToIdle_DMA)
    HAL_UARTEx_RxEventCallback               0x080034a9   Thumb Code   132  freertos.o(i.HAL_UARTEx_RxEventCallback)
    HAL_UART_DeInit                          0x08003561   Thumb Code    54  stm32f4xx_hal_uart.o(i.HAL_UART_DeInit)
    HAL_UART_ErrorCallback                   0x08003597   Thumb Code     2  stm32f4xx_hal_uart.o(i.HAL_UART_ErrorCallback)
    HAL_UART_IRQHandler                      0x08003599   Thumb Code   636  stm32f4xx_hal_uart.o(i.HAL_UART_IRQHandler)
    HAL_UART_Init                            0x08003819   Thumb Code   100  stm32f4xx_hal_uart.o(i.HAL_UART_Init)
    HAL_UART_MspDeInit                       0x0800387d   Thumb Code   162  usart.o(i.HAL_UART_MspDeInit)
    HAL_UART_MspInit                         0x08003941   Thumb Code   634  usart.o(i.HAL_UART_MspInit)
    HAL_UART_Receive_IT                      0x08003bed   Thumb Code    28  stm32f4xx_hal_uart.o(i.HAL_UART_Receive_IT)
    HAL_UART_RxCpltCallback                  0x08003c09   Thumb Code   660  freertos.o(i.HAL_UART_RxCpltCallback)
    HAL_UART_RxHalfCpltCallback              0x08003ead   Thumb Code     2  stm32f4xx_hal_uart.o(i.HAL_UART_RxHalfCpltCallback)
    HAL_UART_Transmit                        0x08003eaf   Thumb Code   160  stm32f4xx_hal_uart.o(i.HAL_UART_Transmit)
    HAL_UART_Transmit_DMA                    0x08003f51   Thumb Code   120  stm32f4xx_hal_uart.o(i.HAL_UART_Transmit_DMA)
    HAL_UART_TxCpltCallback                  0x08003fd5   Thumb Code     2  stm32f4xx_hal_uart.o(i.HAL_UART_TxCpltCallback)
    HAL_UART_TxHalfCpltCallback              0x08003fd7   Thumb Code     2  stm32f4xx_hal_uart.o(i.HAL_UART_TxHalfCpltCallback)
    HardFault_Handler                        0x08003fd9   Thumb Code     2  stm32f4xx_it.o(i.HardFault_Handler)
    LidarUart_ISREN                          0x08003fdd   Thumb Code    76  usart.o(i.LidarUart_ISREN)
    MPU_Usart_Init                           0x08004035   Thumb Code    72  usart.o(i.MPU_Usart_Init)
    MX_DMA_Init                              0x08004089   Thumb Code   120  dma.o(i.MX_DMA_Init)
    MX_FREERTOS_Init                         0x08004105   Thumb Code    88  freertos.o(i.MX_FREERTOS_Init)
    MX_GPIO_Init                             0x08004179   Thumb Code   226  gpio.o(i.MX_GPIO_Init)
    MX_TIM10_Init                            0x08004269   Thumb Code    94  tim.o(i.MX_TIM10_Init)
    MX_TIM11_Init                            0x080042d1   Thumb Code    94  tim.o(i.MX_TIM11_Init)
    MX_TIM1_Init                             0x08004339   Thumb Code   240  tim.o(i.MX_TIM1_Init)
    MX_TIM2_Init                             0x08004431   Thumb Code   102  tim.o(i.MX_TIM2_Init)
    MX_TIM3_Init                             0x0800449d   Thumb Code   100  tim.o(i.MX_TIM3_Init)
    MX_TIM4_Init                             0x08004509   Thumb Code    98  tim.o(i.MX_TIM4_Init)
    MX_TIM5_Init                             0x08004575   Thumb Code    98  tim.o(i.MX_TIM5_Init)
    MX_TIM9_Init                             0x080045e1   Thumb Code   138  tim.o(i.MX_TIM9_Init)
    MX_UART4_Init                            0x08004675   Thumb Code    48  usart.o(i.MX_UART4_Init)
    MX_USART1_UART_Init                      0x080046ad   Thumb Code    48  usart.o(i.MX_USART1_UART_Init)
    MX_USART2_UART_Init                      0x080046e5   Thumb Code    48  usart.o(i.MX_USART2_UART_Init)
    MX_USART3_UART_Init                      0x0800471d   Thumb Code    48  usart.o(i.MX_USART3_UART_Init)
    MemManage_Handler                        0x08004755   Thumb Code     2  stm32f4xx_it.o(i.MemManage_Handler)
    Motor_init                               0x08004759   Thumb Code   102  motor.o(i.Motor_init)
    MoveControl                              0x080047e1   Thumb Code   352  freertos.o(i.MoveControl)
    NMI_Handler                              0x080049e9   Thumb Code     2  stm32f4xx_it.o(i.NMI_Handler)
    OdarGet                                  0x080049ed   Thumb Code   586  freertos.o(i.OdarGet)
    PidMlpi_Param_Init                       0x08004e2d   Thumb Code    28  pid.o(i.PidMlpi_Param_Init)
    PidParam_Init                            0x08004e49   Thumb Code     8  pid.o(i.PidParam_Init)
    ReadMpu                                  0x08004e51   Thumb Code   152  freertos.o(i.ReadMpu)
    Refresh_Car                              0x08004f09   Thumb Code    54  motor.o(i.Refresh_Car)
    Refresh_CarDis                           0x08004f49   Thumb Code    34  motor.o(i.Refresh_CarDis)
    Split_CarTarParam                        0x08004fd1   Thumb Code   100  motor.o(i.Split_CarTarParam)
    StartDefaultTask                         0x08005039   Thumb Code    22  freertos.o(i.StartDefaultTask)
    SysTick_Handler                          0x08005055   Thumb Code    26  cmsis_os2.o(i.SysTick_Handler)
    SystemClock_Config                       0x08005071   Thumb Code   138  main.o(i.SystemClock_Config)
    SystemInit                               0x08005105   Thumb Code    12  system_stm32f4xx.o(i.SystemInit)
    TIM8_TRG_COM_TIM14_IRQHandler            0x08005115   Thumb Code     6  stm32f4xx_it.o(i.TIM8_TRG_COM_TIM14_IRQHandler)
    TIM_Base_SetConfig                       0x08005121   Thumb Code   164  stm32f4xx_hal_tim.o(i.TIM_Base_SetConfig)
    TIM_CCxChannelCmd                        0x080051f1   Thumb Code    26  stm32f4xx_hal_tim.o(i.TIM_CCxChannelCmd)
    TIM_ETR_SetConfig                        0x0800520b   Thumb Code    20  stm32f4xx_hal_tim.o(i.TIM_ETR_SetConfig)
    TIM_OC2_SetConfig                        0x08005291   Thumb Code    98  stm32f4xx_hal_tim.o(i.TIM_OC2_SetConfig)
    UART4_IRQHandler                         0x080053fd   Thumb Code     6  stm32f4xx_it.o(i.UART4_IRQHandler)
    UART_Start_Receive_DMA                   0x08005789   Thumb Code   146  stm32f4xx_hal_uart.o(i.UART_Start_Receive_DMA)
    UART_Start_Receive_IT                    0x08005829   Thumb Code    54  stm32f4xx_hal_uart.o(i.UART_Start_Receive_IT)
    USART1_IRQHandler                        0x080058d1   Thumb Code     6  stm32f4xx_it.o(i.USART1_IRQHandler)
    USART2_IRQHandler                        0x080058dd   Thumb Code     6  stm32f4xx_it.o(i.USART2_IRQHandler)
    USART3_IRQHandler                        0x080058e9   Thumb Code     6  stm32f4xx_it.o(i.USART3_IRQHandler)
    UsageFault_Handler                       0x080058f5   Thumb Code     2  stm32f4xx_it.o(i.UsageFault_Handler)
    WheelVelSet                              0x080058f7   Thumb Code   110  pid.o(i.WheelVelSet)
    WitDelayMsRegister                       0x08005965   Thumb Code    16  mpu.o(i.WitDelayMsRegister)
    WitInit                                  0x08005979   Thumb Code    22  mpu.o(i.WitInit)
    WitReadReg                               0x08005995   Thumb Code   312  mpu.o(i.WitReadReg)
    WitRegisterCallBack                      0x08005ad5   Thumb Code    16  mpu.o(i.WitRegisterCallBack)
    WitSerialDataIn                          0x08005ae9   Thumb Code   244  mpu.o(i.WitSerialDataIn)
    WitSerialWriteRegister                   0x08005be9   Thumb Code    16  mpu.o(i.WitSerialWriteRegister)
    WitSetBandwidth                          0x08005bfd   Thumb Code    78  mpu.o(i.WitSetBandwidth)
    WitSetContent                            0x08005c51   Thumb Code    80  mpu.o(i.WitSetContent)
    WitSetOutputRate                         0x08005ca5   Thumb Code    78  mpu.o(i.WitSetOutputRate)
    WitSetUartBaud                           0x08005cf9   Thumb Code    78  mpu.o(i.WitSetUartBaud)
    WitStartAccCali                          0x08005d4d   Thumb Code    56  mpu.o(i.WitStartAccCali)
    WitStartMagCali                          0x08005d89   Thumb Code    56  mpu.o(i.WitStartMagCali)
    WitStopMagCali                           0x08005dc5   Thumb Code    56  mpu.o(i.WitStopMagCali)
    WitWriteReg                              0x08005e01   Thumb Code   228  mpu.o(i.WitWriteReg)
    __0printf                                0x08005ee9   Thumb Code    22  printfa.o(i.__0printf)
    __1printf                                0x08005ee9   Thumb Code     0  printfa.o(i.__0printf)
    __2printf                                0x08005ee9   Thumb Code     0  printfa.o(i.__0printf)
    __c89printf                              0x08005ee9   Thumb Code     0  printfa.o(i.__0printf)
    printf                                   0x08005ee9   Thumb Code     0  printfa.o(i.__0printf)
    __Incremental_PID                        0x08005f35   Thumb Code   128  pid.o(i.__Incremental_PID)
    __MoterParamGet                          0x08005fc5   Thumb Code    32  motor.o(i.__MoterParamGet)
    __PWM_MotorSet                           0x08006005   Thumb Code   378  motor.o(i.__PWM_MotorSet)
    __Realize_PID                            0x080061a1   Thumb Code   100  pid.o(i.__Realize_PID)
    __carStatDertaVel_Update                 0x08006215   Thumb Code     6  motor.o(i.__carStatDertaVel_Update)
    __carStatVel_Update                      0x0800621b   Thumb Code     8  motor.o(i.__carStatVel_Update)
    __carStat_Update                         0x08006223   Thumb Code    54  motor.o(i.__carStat_Update)
    __hardfp_fmodf                           0x08006259   Thumb Code   176  fmodf.o(i.__hardfp_fmodf)
    __mathlib_flt_invalid                    0x08006309   Thumb Code    10  funder.o(i.__mathlib_flt_invalid)
    __scatterload_copy                       0x08006319   Thumb Code    14  handlers.o(i.__scatterload_copy)
    __scatterload_null                       0x08006327   Thumb Code     2  handlers.o(i.__scatterload_null)
    __scatterload_zeroinit                   0x08006329   Thumb Code    14  handlers.o(i.__scatterload_zeroinit)
    __set_errno                              0x08006339   Thumb Code     6  errno.o(i.__set_errno)
    _is_digit                                0x080064c9   Thumb Code    14  scanf_fp.o(i._is_digit)
    calculateAngleError                      0x08006c09   Thumb Code    92  pid.o(i.calculateAngleError)
    configureTimerForRunTimeStats            0x08006c75   Thumb Code     2  freertos.o(i.configureTimerForRunTimeStats)
    data_process                             0x08006c79   Thumb Code   172  usart.o(i.data_process)
    fastest_fabsf                            0x08006d45   Thumb Code    14  pid.o(i.fastest_fabsf)
    fputc                                    0x08006d55   Thumb Code    18  usart.o(i.fputc)
    getRunTimeCounterValue                   0x08006d6d   Thumb Code     4  freertos.o(i.getRunTimeCounterValue)
    main                                     0x08006d71   Thumb Code   104  main.o(i.main)
    osDelay                                  0x08006e21   Thumb Code    26  cmsis_os2.o(i.osDelay)
    osKernelInitialize                       0x08006e3d   Thumb Code    32  cmsis_os2.o(i.osKernelInitialize)
    osKernelStart                            0x08006e61   Thumb Code    48  cmsis_os2.o(i.osKernelStart)
    osSemaphoreNew                           0x08006e99   Thumb Code   152  cmsis_os2.o(i.osSemaphoreNew)
    osThreadNew                              0x08006f31   Thumb Code   138  cmsis_os2.o(i.osThreadNew)
    pvPortMalloc                             0x08007755   Thumb Code   216  heap_4.o(i.pvPortMalloc)
    pvTaskIncrementMutexHeldCount            0x08007831   Thumb Code    18  tasks.o(i.pvTaskIncrementMutexHeldCount)
    pxPortInitialiseStack                    0x08007849   Thumb Code    40  port.o(i.pxPortInitialiseStack)
    ulTaskNotifyTake                         0x08007875   Thumb Code    96  tasks.o(i.ulTaskNotifyTake)
    uxListRemove                             0x080078dd   Thumb Code    38  list.o(i.uxListRemove)
    vApplicationGetIdleTaskMemory            0x08007905   Thumb Code    16  cmsis_os2.o(i.vApplicationGetIdleTaskMemory)
    vApplicationGetTimerTaskMemory           0x08007919   Thumb Code    18  cmsis_os2.o(i.vApplicationGetTimerTaskMemory)
    vListInitialise                          0x08007931   Thumb Code    22  list.o(i.vListInitialise)
    vListInitialiseItem                      0x08007947   Thumb Code     6  list.o(i.vListInitialiseItem)
    vListInsert                              0x0800794d   Thumb Code    48  list.o(i.vListInsert)
    vListInsertEnd                           0x0800797d   Thumb Code    24  list.o(i.vListInsertEnd)
    vPortEnterCritical                       0x08007995   Thumb Code    54  port.o(i.vPortEnterCritical)
    vPortExitCritical                        0x080079d5   Thumb Code    34  port.o(i.vPortExitCritical)
    vPortFree                                0x080079fd   Thumb Code    94  heap_4.o(i.vPortFree)
    vPortSetupTimerInterrupt                 0x08007a61   Thumb Code    32  port.o(i.vPortSetupTimerInterrupt)
    vPortValidateInterruptPriority           0x08007a85   Thumb Code    74  port.o(i.vPortValidateInterruptPriority)
    vQueueAddToRegistry                      0x08007ad9   Thumb Code    34  queue.o(i.vQueueAddToRegistry)
    vQueueDelete                             0x08007b01   Thumb Code    46  queue.o(i.vQueueDelete)
    vQueueUnregisterQueue                    0x08007b31   Thumb Code    36  queue.o(i.vQueueUnregisterQueue)
    vQueueWaitForMessageRestricted           0x08007b59   Thumb Code    68  queue.o(i.vQueueWaitForMessageRestricted)
    vTaskDelay                               0x08007b9d   Thumb Code    66  tasks.o(i.vTaskDelay)
    vTaskDelayUntil                          0x08007be9   Thumb Code   132  tasks.o(i.vTaskDelayUntil)
    vTaskInternalSetTimeOutState             0x08007c75   Thumb Code    12  tasks.o(i.vTaskInternalSetTimeOutState)
    vTaskMissedYield                         0x08007c85   Thumb Code     8  tasks.o(i.vTaskMissedYield)
    vTaskPlaceOnEventList                    0x08007c91   Thumb Code    44  tasks.o(i.vTaskPlaceOnEventList)
    vTaskPlaceOnEventListRestricted          0x08007cc1   Thumb Code    52  tasks.o(i.vTaskPlaceOnEventListRestricted)
    vTaskPriorityDisinheritAfterTimeout      0x08007cf9   Thumb Code   134  tasks.o(i.vTaskPriorityDisinheritAfterTimeout)
    vTaskStartScheduler                      0x08007d89   Thumb Code   122  tasks.o(i.vTaskStartScheduler)
    vTaskSuspendAll                          0x08007e15   Thumb Code    10  tasks.o(i.vTaskSuspendAll)
    vTaskSwitchContext                       0x08007e25   Thumb Code   114  tasks.o(i.vTaskSwitchContext)
    xPortStartScheduler                      0x08007ea1   Thumb Code   222  port.o(i.xPortStartScheduler)
    xPortSysTickHandler                      0x08007f95   Thumb Code    38  port.o(i.xPortSysTickHandler)
    xQueueCreateCountingSemaphore            0x08007fc1   Thumb Code    58  queue.o(i.xQueueCreateCountingSemaphore)
    xQueueCreateCountingSemaphoreStatic      0x08007ffb   Thumb Code    64  queue.o(i.xQueueCreateCountingSemaphoreStatic)
    xQueueGenericCreate                      0x0800803b   Thumb Code    66  queue.o(i.xQueueGenericCreate)
    xQueueGenericCreateStatic                0x0800807d   Thumb Code   102  queue.o(i.xQueueGenericCreateStatic)
    xQueueGenericReset                       0x080080e5   Thumb Code   132  queue.o(i.xQueueGenericReset)
    xQueueGenericSend                        0x0800816d   Thumb Code   346  queue.o(i.xQueueGenericSend)
    xQueueGenericSendFromISR                 0x080082cd   Thumb Code   190  queue.o(i.xQueueGenericSendFromISR)
    xQueueGiveFromISR                        0x0800838b   Thumb Code   156  queue.o(i.xQueueGiveFromISR)
    xQueueReceive                            0x08008429   Thumb Code   308  queue.o(i.xQueueReceive)
    xQueueSemaphoreTake                      0x08008561   Thumb Code   372  queue.o(i.xQueueSemaphoreTake)
    xTaskCheckForTimeOut                     0x080086d9   Thumb Code   112  tasks.o(i.xTaskCheckForTimeOut)
    xTaskCreate                              0x0800874d   Thumb Code    90  tasks.o(i.xTaskCreate)
    xTaskCreateStatic                        0x080087a7   Thumb Code    86  tasks.o(i.xTaskCreateStatic)
    xTaskGenericNotify                       0x080087fd   Thumb Code   210  tasks.o(i.xTaskGenericNotify)
    xTaskGetSchedulerState                   0x080088dd   Thumb Code    22  tasks.o(i.xTaskGetSchedulerState)
    xTaskGetTickCount                        0x080088f9   Thumb Code     6  tasks.o(i.xTaskGetTickCount)
    xTaskIncrementTick                       0x08008905   Thumb Code   192  tasks.o(i.xTaskIncrementTick)
    xTaskPriorityDisinherit                  0x080089cd   Thumb Code   118  tasks.o(i.xTaskPriorityDisinherit)
    xTaskPriorityInherit                     0x08008a4d   Thumb Code   112  tasks.o(i.xTaskPriorityInherit)
    xTaskRemoveFromEventList                 0x08008ac5   Thumb Code    98  tasks.o(i.xTaskRemoveFromEventList)
    xTaskResumeAll                           0x08008b35   Thumb Code   182  tasks.o(i.xTaskResumeAll)
    xTimerCreateTimerTask                    0x08008bf9   Thumb Code    78  timers.o(i.xTimerCreateTimerTask)
    xTimerGenericCommand                     0x08008c59   Thumb Code    98  timers.o(i.xTimerGenericCommand)
    c_uiBaud                                 0x08008cc0   Data          40  freertos.o(.constdata)
    defaultTask_attributes                   0x08008ce8   Data          36  freertos.o(.constdata)
    MoveControlTask_attributes               0x08008d0c   Data          36  freertos.o(.constdata)
    ReadMpuTask_attributes                   0x08008d30   Data          36  freertos.o(.constdata)
    OdarGetTask_attributes                   0x08008d54   Data          36  freertos.o(.constdata)
    DataSendTask_attributes                  0x08008d78   Data          36  freertos.o(.constdata)
    AnlayOderDataFlag_attributes             0x08008d9c   Data          16  freertos.o(.constdata)
    AHBPrescTable                            0x08008db4   Data          16  system_stm32f4xx.o(.constdata)
    APBPrescTable                            0x08008dc4   Data           8  system_stm32f4xx.o(.constdata)
    __ctype_categories                       0x08008fcc   Data          64  ctype_c.o(.constdata)
    Region$$Table$$Base                      0x08009064   Number         0  anon$$obj.o(Region$$Table)
    Region$$Table$$Limit                     0x08009084   Number         0  anon$$obj.o(Region$$Table)
    mpu_tmp                                  0x2000000a   Data           1  freertos.o(.data)
    Lidar_Receive_buf                        0x2000000b   Data           1  freertos.o(.data)
    TASKNUM                                  0x2000000c   Data           1  freertos.o(.data)
    receive_cnt                              0x2000000e   Data           2  freertos.o(.data)
    distance                                 0x20000010   Data           2  freertos.o(.data)
    TaskOverFlag                             0x20000014   Data           4  freertos.o(.data)
    ResponseLidarGet                         0x20000018   Data           4  freertos.o(.data)
    EnUpLidarDisRead                         0x2000001c   Data           4  freertos.o(.data)
    EnUpLidarDisTask                         0x20000020   Data           4  freertos.o(.data)
    mpuFlag                                  0x20000024   Data           4  freertos.o(.data)
    cnt_                                     0x20000028   Data           4  freertos.o(.data)
    defaultTaskHandle                        0x2000003c   Data           4  freertos.o(.data)
    MoveControlTaskHandle                    0x20000040   Data           4  freertos.o(.data)
    ReadMpuTaskHandle                        0x20000044   Data           4  freertos.o(.data)
    OdarGetTaskHandle                        0x20000048   Data           4  freertos.o(.data)
    DataSendTaskHandle                       0x2000004c   Data           4  freertos.o(.data)
    AnlayOderDataFlagHandle                  0x20000050   Data           4  freertos.o(.data)
    confidence                               0x20000054   Data           1  freertos.o(.data)
    noise                                    0x20000056   Data           2  freertos.o(.data)
    reftof                                   0x20000058   Data           2  freertos.o(.data)
    peak                                     0x2000005c   Data           4  freertos.o(.data)
    intg                                     0x20000060   Data           4  freertos.o(.data)
    uwTickFreq                               0x20000068   Data           1  stm32f4xx_hal.o(.data)
    uwTickPrio                               0x2000006c   Data           4  stm32f4xx_hal.o(.data)
    uwTick                                   0x20000070   Data           4  stm32f4xx_hal.o(.data)
    SystemCoreClock                          0x20000074   Data           4  system_stm32f4xx.o(.data)
    pxCurrentTCB                             0x20000078   Data           4  tasks.o(.data)
    __stdout                                 0x20000128   Data           4  stdout.o(.data)
    Pack_Data                                0x20000164   Data         240  freertos.o(.bss)
    carStat                                  0x20000254   Data          84  freertos.o(.bss)
    OrderParam                               0x200002a8   Data          20  freertos.o(.bss)
    Cartar                                   0x200002bc   Data          48  freertos.o(.bss)
    pidvel                                   0x200002ec   Data         160  freertos.o(.bss)
    piddis                                   0x2000038c   Data         160  freertos.o(.bss)
    pidCalidis                               0x2000042c   Data         160  freertos.o(.bss)
    pidsita                                  0x200004cc   Data          40  freertos.o(.bss)
    ORDER_DATA                               0x200004f4   Data          20  freertos.o(.bss)
    htim1                                    0x20000508   Data          72  tim.o(.bss)
    htim2                                    0x20000550   Data          72  tim.o(.bss)
    htim3                                    0x20000598   Data          72  tim.o(.bss)
    htim4                                    0x200005e0   Data          72  tim.o(.bss)
    htim5                                    0x20000628   Data          72  tim.o(.bss)
    htim9                                    0x20000670   Data          72  tim.o(.bss)
    htim10                                   0x200006b8   Data          72  tim.o(.bss)
    htim11                                   0x20000700   Data          72  tim.o(.bss)
    huart4                                   0x20000748   Data          72  usart.o(.bss)
    huart1                                   0x20000790   Data          72  usart.o(.bss)
    huart2                                   0x200007d8   Data          72  usart.o(.bss)
    huart3                                   0x20000820   Data          72  usart.o(.bss)
    hdma_usart1_tx                           0x20000868   Data          96  usart.o(.bss)
    hdma_usart1_rx                           0x200008c8   Data          96  usart.o(.bss)
    hdma_usart2_tx                           0x20000928   Data          96  usart.o(.bss)
    hdma_usart3_rx                           0x20000988   Data          96  usart.o(.bss)
    hdma_usart3_tx                           0x200009e8   Data          96  usart.o(.bss)
    htim14                                   0x20000a48   Data          72  stm32f4xx_hal_timebase_tim.o(.bss)
    xQueueRegistry                           0x20000a90   Data          64  queue.o(.bss)
    sReg                                     0x2000546c   Data         288  mpu.o(.bss)
    __initial_sp                             0x20005990   Data           0  startup_stm32f407xx.o(STACK)



==============================================================================

Memory Map of the image

  Image Entry point : 0x08000189

  Load Region LR_IROM1 (Base: 0x08000000, Size: 0x000091b4, Max: 0x00080000, ABSOLUTE, COMPRESSED[0x000090a4])

    Execution Region ER_IROM1 (Exec base: 0x08000000, Load base: 0x08000000, Size: 0x00009084, Max: 0x00080000, ABSOLUTE)

    Exec Addr    Load Addr    Size         Type   Attr      Idx    E Section Name        Object

    0x08000000   0x08000000   0x00000188   Data   RO            3    RESET               startup_stm32f407xx.o
    0x08000188   0x08000188   0x00000000   Code   RO         5494  * .ARM.Collect$$$$00000000  mc_w.l(entry.o)
    0x08000188   0x08000188   0x00000004   Code   RO         5804    .ARM.Collect$$$$00000001  mc_w.l(entry2.o)
    0x0800018c   0x0800018c   0x00000004   Code   RO         5807    .ARM.Collect$$$$00000004  mc_w.l(entry5.o)
    0x08000190   0x08000190   0x00000000   Code   RO         5809    .ARM.Collect$$$$00000008  mc_w.l(entry7b.o)
    0x08000190   0x08000190   0x00000000   Code   RO         5811    .ARM.Collect$$$$0000000A  mc_w.l(entry8b.o)
    0x08000190   0x08000190   0x00000008   Code   RO         5812    .ARM.Collect$$$$0000000B  mc_w.l(entry9a.o)
    0x08000198   0x08000198   0x00000000   Code   RO         5814    .ARM.Collect$$$$0000000D  mc_w.l(entry10a.o)
    0x08000198   0x08000198   0x00000000   Code   RO         5816    .ARM.Collect$$$$0000000F  mc_w.l(entry11a.o)
    0x08000198   0x08000198   0x00000004   Code   RO         5805    .ARM.Collect$$$$00002712  mc_w.l(entry2.o)
    0x0800019c   0x0800019c   0x000000be   Code   RO         5018    .emb_text           port.o
    0x0800025a   0x0800025a   0x00000002   PAD
    0x0800025c   0x0800025c   0x00000024   Code   RO            4    .text               startup_stm32f407xx.o
    0x08000280   0x08000280   0x00000062   Code   RO         5497    .text               mc_w.l(uldiv.o)
    0x080002e2   0x080002e2   0x00000024   Code   RO         5499    .text               mc_w.l(memcpya.o)
    0x08000306   0x08000306   0x00000024   Code   RO         5503    .text               mc_w.l(memseta.o)
    0x0800032a   0x0800032a   0x0000000e   Code   RO         5505    .text               mc_w.l(strlen.o)
    0x08000338   0x08000338   0x00000038   Code   RO         5772    .text               mc_w.l(__0sscanf.o)
    0x08000370   0x08000370   0x0000014c   Code   RO         5774    .text               mc_w.l(_scanf_int.o)
    0x080004bc   0x080004bc   0x00000360   Code   RO         5776    .text               mc_w.l(scanf_fp.o)
    0x0800081c   0x0800081c   0x000000e4   Code   RO         5780    .text               mf_w.l(dmul.o)
    0x08000900   0x08000900   0x000000de   Code   RO         5782    .text               mf_w.l(ddiv.o)
    0x080009de   0x080009de   0x00000022   Code   RO         5784    .text               mf_w.l(dflti.o)
    0x08000a00   0x08000a00   0x00000026   Code   RO         5786    .text               mf_w.l(f2d.o)
    0x08000a26   0x08000a26   0x00000038   Code   RO         5788    .text               mf_w.l(d2f.o)
    0x08000a5e   0x08000a5e   0x0000002c   Code   RO         5819    .text               mc_w.l(uidiv.o)
    0x08000a8a   0x08000a8a   0x0000001e   Code   RO         5821    .text               mc_w.l(llshl.o)
    0x08000aa8   0x08000aa8   0x00000020   Code   RO         5823    .text               mc_w.l(llushr.o)
    0x08000ac8   0x08000ac8   0x0000001c   Code   RO         5832    .text               mc_w.l(_chval.o)
    0x08000ae4   0x08000ae4   0x00000028   Code   RO         5834    .text               mc_w.l(scanf_char.o)
    0x08000b0c   0x08000b0c   0x00000040   Code   RO         5836    .text               mc_w.l(_sgetc.o)
    0x08000b4c   0x08000b4c   0x00000000   Code   RO         5838    .text               mc_w.l(iusefp.o)
    0x08000b4c   0x08000b4c   0x0000006e   Code   RO         5839    .text               mf_w.l(fepilogue.o)
    0x08000bba   0x08000bba   0x00000052   Code   RO         5843    .text               mf_w.l(frem.o)
    0x08000c0c   0x08000c0c   0x000000ba   Code   RO         5845    .text               mf_w.l(depilogue.o)
    0x08000cc6   0x08000cc6   0x0000014e   Code   RO         5847    .text               mf_w.l(dadd.o)
    0x08000e14   0x08000e14   0x00000018   Code   RO         5849    .text               mf_w.l(dfltul.o)
    0x08000e2c   0x08000e2c   0x00000030   Code   RO         5851    .text               mf_w.l(dfixul.o)
    0x08000e5c   0x08000e5c   0x00000030   Code   RO         5853    .text               mf_w.l(cdrcmple.o)
    0x08000e8c   0x08000e8c   0x00000024   Code   RO         5855    .text               mc_w.l(init.o)
    0x08000eb0   0x08000eb0   0x00000024   Code   RO         5857    .text               mc_w.l(llsshr.o)
    0x08000ed4   0x08000ed4   0x0000000a   Code   RO         5859    .text               mc_w.l(isspace_c.o)
    0x08000ede   0x08000ede   0x00000002   PAD
    0x08000ee0   0x08000ee0   0x0000032c   Code   RO         5861    .text               mc_w.l(_scanf.o)
    0x0800120c   0x0800120c   0x00000028   Code   RO         5863    .text               mc_w.l(ctype_c.o)
    0x08001234   0x08001234   0x0000003a   Code   RO         5874    .text               mc_w.l(__dczerorl.o)
    0x0800126e   0x0800126e   0x00000002   PAD
    0x08001270   0x08001270   0x00000090   Code   RO          236    i.AutoScanSensor    freertos.o
    0x08001300   0x08001300   0x0000001e   Code   RO          237    i.BaseSitaUpdate    freertos.o
    0x0800131e   0x0800131e   0x00000002   Code   RO          620    i.BusFault_Handler  stm32f4xx_it.o
    0x08001320   0x08001320   0x00000140   Code   RO         5345    i.CarDisCalibration  pid.o
    0x08001460   0x08001460   0x00000174   Code   RO         5346    i.CarDisSet         pid.o
    0x080015d4   0x080015d4   0x000001e0   Code   RO         5098    i.CarInv_Kinematics  motor.o
    0x080017b4   0x080017b4   0x00000046   Code   RO         5347    i.CarSitaCalibration  pid.o
    0x080017fa   0x080017fa   0x00000002   PAD
    0x080017fc   0x080017fc   0x000000a0   Code   RO         5348    i.CarSitaSet        pid.o
    0x0800189c   0x0800189c   0x00000010   Code   RO         5182    i.CheckRange        mpu.o
    0x080018ac   0x080018ac   0x00000150   Code   RO          238    i.CmdProcess        freertos.o
    0x080019fc   0x080019fc   0x000000b4   Code   RO         5183    i.CopeWitData       mpu.o
    0x08001ab0   0x08001ab0   0x0000000c   Code   RO          621    i.DMA1_Stream1_IRQHandler  stm32f4xx_it.o
    0x08001abc   0x08001abc   0x0000000c   Code   RO          622    i.DMA1_Stream3_IRQHandler  stm32f4xx_it.o
    0x08001ac8   0x08001ac8   0x0000000c   Code   RO          623    i.DMA1_Stream6_IRQHandler  stm32f4xx_it.o
    0x08001ad4   0x08001ad4   0x0000000c   Code   RO          624    i.DMA2_Stream2_IRQHandler  stm32f4xx_it.o
    0x08001ae0   0x08001ae0   0x0000000c   Code   RO          625    i.DMA2_Stream7_IRQHandler  stm32f4xx_it.o
    0x08001aec   0x08001aec   0x00000028   Code   RO         2233    i.DMA_CalcBaseAndBitshift  stm32f4xx_hal_dma.o
    0x08001b14   0x08001b14   0x00000054   Code   RO         2234    i.DMA_CheckFifoParam  stm32f4xx_hal_dma.o
    0x08001b68   0x08001b68   0x00000028   Code   RO         2235    i.DMA_SetConfig     stm32f4xx_hal_dma.o
    0x08001b90   0x08001b90   0x00000074   Code   RO          240    i.DataSend          freertos.o
    0x08001c04   0x08001c04   0x00000002   Code   RO          626    i.DebugMon_Handler  stm32f4xx_it.o
    0x08001c06   0x08001c06   0x00000004   Code   RO          241    i.Delayms           freertos.o
    0x08001c0a   0x08001c0a   0x00000004   Code   RO           13    i.Error_Handler     main.o
    0x08001c0e   0x08001c0e   0x00000092   Code   RO         2236    i.HAL_DMA_Abort     stm32f4xx_hal_dma.o
    0x08001ca0   0x08001ca0   0x00000024   Code   RO         2237    i.HAL_DMA_Abort_IT  stm32f4xx_hal_dma.o
    0x08001cc4   0x08001cc4   0x00000062   Code   RO         2238    i.HAL_DMA_DeInit    stm32f4xx_hal_dma.o
    0x08001d26   0x08001d26   0x00000002   PAD
    0x08001d28   0x08001d28   0x000001a0   Code   RO         2241    i.HAL_DMA_IRQHandler  stm32f4xx_hal_dma.o
    0x08001ec8   0x08001ec8   0x000000d4   Code   RO         2242    i.HAL_DMA_Init      stm32f4xx_hal_dma.o
    0x08001f9c   0x08001f9c   0x0000006e   Code   RO         2246    i.HAL_DMA_Start_IT  stm32f4xx_hal_dma.o
    0x0800200a   0x0800200a   0x00000002   PAD
    0x0800200c   0x0800200c   0x00000024   Code   RO         2673    i.HAL_Delay         stm32f4xx_hal.o
    0x08002030   0x08002030   0x00000168   Code   RO         2126    i.HAL_GPIO_DeInit   stm32f4xx_hal_gpio.o
    0x08002198   0x08002198   0x000001f0   Code   RO         2129    i.HAL_GPIO_Init     stm32f4xx_hal_gpio.o
    0x08002388   0x08002388   0x00000010   Code   RO         2132    i.HAL_GPIO_TogglePin  stm32f4xx_hal_gpio.o
    0x08002398   0x08002398   0x0000000a   Code   RO         2133    i.HAL_GPIO_WritePin  stm32f4xx_hal_gpio.o
    0x080023a2   0x080023a2   0x00000002   PAD
    0x080023a4   0x080023a4   0x0000000c   Code   RO         2679    i.HAL_GetTick       stm32f4xx_hal.o
    0x080023b0   0x080023b0   0x00000010   Code   RO         2685    i.HAL_IncTick       stm32f4xx_hal.o
    0x080023c0   0x080023c0   0x00000034   Code   RO         2686    i.HAL_Init          stm32f4xx_hal.o
    0x080023f4   0x080023f4   0x00000098   Code   RO          762    i.HAL_InitTick      stm32f4xx_hal_timebase_tim.o
    0x0800248c   0x0800248c   0x00000038   Code   RO          738    i.HAL_MspInit       stm32f4xx_hal_msp.o
    0x080024c4   0x080024c4   0x00000022   Code   RO         2520    i.HAL_NVIC_DisableIRQ  stm32f4xx_hal_cortex.o
    0x080024e6   0x080024e6   0x0000001a   Code   RO         2521    i.HAL_NVIC_EnableIRQ  stm32f4xx_hal_cortex.o
    0x08002500   0x08002500   0x00000040   Code   RO         2527    i.HAL_NVIC_SetPriority  stm32f4xx_hal_cortex.o
    0x08002540   0x08002540   0x00000024   Code   RO         2528    i.HAL_NVIC_SetPriorityGrouping  stm32f4xx_hal_cortex.o
    0x08002564   0x08002564   0x00000134   Code   RO         1775    i.HAL_RCC_ClockConfig  stm32f4xx_hal_rcc.o
    0x08002698   0x08002698   0x00000040   Code   RO         1779    i.HAL_RCC_GetClockConfig  stm32f4xx_hal_rcc.o
    0x080026d8   0x080026d8   0x00000020   Code   RO         1782    i.HAL_RCC_GetPCLK1Freq  stm32f4xx_hal_rcc.o
    0x080026f8   0x080026f8   0x00000020   Code   RO         1783    i.HAL_RCC_GetPCLK2Freq  stm32f4xx_hal_rcc.o
    0x08002718   0x08002718   0x00000060   Code   RO         1784    i.HAL_RCC_GetSysClockFreq  stm32f4xx_hal_rcc.o
    0x08002778   0x08002778   0x0000036c   Code   RO         1787    i.HAL_RCC_OscConfig  stm32f4xx_hal_rcc.o
    0x08002ae4   0x08002ae4   0x00000002   Code   RO         1507    i.HAL_TIMEx_BreakCallback  stm32f4xx_hal_tim_ex.o
    0x08002ae6   0x08002ae6   0x00000002   Code   RO         1508    i.HAL_TIMEx_CommutCallback  stm32f4xx_hal_tim_ex.o
    0x08002ae8   0x08002ae8   0x00000054   Code   RO         1510    i.HAL_TIMEx_ConfigBreakDeadTime  stm32f4xx_hal_tim_ex.o
    0x08002b3c   0x08002b3c   0x00000090   Code   RO         1526    i.HAL_TIMEx_MasterConfigSynchronization  stm32f4xx_hal_tim_ex.o
    0x08002bcc   0x08002bcc   0x0000005a   Code   RO          803    i.HAL_TIM_Base_Init  stm32f4xx_hal_tim.o
    0x08002c26   0x08002c26   0x00000002   PAD
    0x08002c28   0x08002c28   0x00000074   Code   RO          432    i.HAL_TIM_Base_MspInit  tim.o
    0x08002c9c   0x08002c9c   0x00000080   Code   RO          808    i.HAL_TIM_Base_Start_IT  stm32f4xx_hal_tim.o
    0x08002d1c   0x08002d1c   0x000000dc   Code   RO          812    i.HAL_TIM_ConfigClockSource  stm32f4xx_hal_tim.o
    0x08002df8   0x08002df8   0x000000a4   Code   RO          824    i.HAL_TIM_Encoder_Init  stm32f4xx_hal_tim.o
    0x08002e9c   0x08002e9c   0x00000134   Code   RO          434    i.HAL_TIM_Encoder_MspInit  tim.o
    0x08002fd0   0x08002fd0   0x0000008e   Code   RO          827    i.HAL_TIM_Encoder_Start  stm32f4xx_hal_tim.o
    0x0800305e   0x0800305e   0x00000002   Code   RO          837    i.HAL_TIM_IC_CaptureCallback  stm32f4xx_hal_tim.o
    0x08003060   0x08003060   0x00000130   Code   RO          851    i.HAL_TIM_IRQHandler  stm32f4xx_hal_tim.o
    0x08003190   0x08003190   0x000000c4   Code   RO          435    i.HAL_TIM_MspPostInit  tim.o
    0x08003254   0x08003254   0x00000002   Code   RO          854    i.HAL_TIM_OC_DelayElapsedCallback  stm32f4xx_hal_tim.o
    0x08003256   0x08003256   0x000000cc   Code   RO          875    i.HAL_TIM_PWM_ConfigChannel  stm32f4xx_hal_tim.o
    0x08003322   0x08003322   0x0000005a   Code   RO          878    i.HAL_TIM_PWM_Init  stm32f4xx_hal_tim.o
    0x0800337c   0x0800337c   0x00000002   Code   RO          880    i.HAL_TIM_PWM_MspInit  stm32f4xx_hal_tim.o
    0x0800337e   0x0800337e   0x00000002   Code   RO          881    i.HAL_TIM_PWM_PulseFinishedCallback  stm32f4xx_hal_tim.o
    0x08003380   0x08003380   0x000000c8   Code   RO          883    i.HAL_TIM_PWM_Start  stm32f4xx_hal_tim.o
    0x08003448   0x08003448   0x00000014   Code   RO           14    i.HAL_TIM_PeriodElapsedCallback  main.o
    0x0800345c   0x0800345c   0x00000002   Code   RO          894    i.HAL_TIM_TriggerCallback  stm32f4xx_hal_tim.o
    0x0800345e   0x0800345e   0x0000004a   Code   RO         2934    i.HAL_UARTEx_ReceiveToIdle_DMA  stm32f4xx_hal_uart.o
    0x080034a8   0x080034a8   0x000000b8   Code   RO          242    i.HAL_UARTEx_RxEventCallback  freertos.o
    0x08003560   0x08003560   0x00000036   Code   RO         2949    i.HAL_UART_DeInit   stm32f4xx_hal_uart.o
    0x08003596   0x08003596   0x00000002   Code   RO         2950    i.HAL_UART_ErrorCallback  stm32f4xx_hal_uart.o
    0x08003598   0x08003598   0x00000280   Code   RO         2953    i.HAL_UART_IRQHandler  stm32f4xx_hal_uart.o
    0x08003818   0x08003818   0x00000064   Code   RO         2954    i.HAL_UART_Init     stm32f4xx_hal_uart.o
    0x0800387c   0x0800387c   0x000000c4   Code   RO          533    i.HAL_UART_MspDeInit  usart.o
    0x08003940   0x08003940   0x000002ac   Code   RO          534    i.HAL_UART_MspInit  usart.o
    0x08003bec   0x08003bec   0x0000001c   Code   RO         2959    i.HAL_UART_Receive_IT  stm32f4xx_hal_uart.o
    0x08003c08   0x08003c08   0x000002a4   Code   RO          243    i.HAL_UART_RxCpltCallback  freertos.o
    0x08003eac   0x08003eac   0x00000002   Code   RO         2961    i.HAL_UART_RxHalfCpltCallback  stm32f4xx_hal_uart.o
    0x08003eae   0x08003eae   0x000000a0   Code   RO         2962    i.HAL_UART_Transmit  stm32f4xx_hal_uart.o
    0x08003f4e   0x08003f4e   0x00000002   PAD
    0x08003f50   0x08003f50   0x00000084   Code   RO         2963    i.HAL_UART_Transmit_DMA  stm32f4xx_hal_uart.o
    0x08003fd4   0x08003fd4   0x00000002   Code   RO         2965    i.HAL_UART_TxCpltCallback  stm32f4xx_hal_uart.o
    0x08003fd6   0x08003fd6   0x00000002   Code   RO         2966    i.HAL_UART_TxHalfCpltCallback  stm32f4xx_hal_uart.o
    0x08003fd8   0x08003fd8   0x00000002   Code   RO          627    i.HardFault_Handler  stm32f4xx_it.o
    0x08003fda   0x08003fda   0x00000002   PAD
    0x08003fdc   0x08003fdc   0x00000058   Code   RO          535    i.LidarUart_ISREN   usart.o
    0x08004034   0x08004034   0x00000054   Code   RO          536    i.MPU_Usart_Init    usart.o
    0x08004088   0x08004088   0x0000007c   Code   RO          407    i.MX_DMA_Init       dma.o
    0x08004104   0x08004104   0x00000074   Code   RO          244    i.MX_FREERTOS_Init  freertos.o
    0x08004178   0x08004178   0x000000f0   Code   RO          212    i.MX_GPIO_Init      gpio.o
    0x08004268   0x08004268   0x00000068   Code   RO          436    i.MX_TIM10_Init     tim.o
    0x080042d0   0x080042d0   0x00000068   Code   RO          437    i.MX_TIM11_Init     tim.o
    0x08004338   0x08004338   0x000000f8   Code   RO          438    i.MX_TIM1_Init      tim.o
    0x08004430   0x08004430   0x0000006c   Code   RO          439    i.MX_TIM2_Init      tim.o
    0x0800449c   0x0800449c   0x0000006c   Code   RO          440    i.MX_TIM3_Init      tim.o
    0x08004508   0x08004508   0x0000006c   Code   RO          441    i.MX_TIM4_Init      tim.o
    0x08004574   0x08004574   0x0000006c   Code   RO          442    i.MX_TIM5_Init      tim.o
    0x080045e0   0x080045e0   0x00000094   Code   RO          443    i.MX_TIM9_Init      tim.o
    0x08004674   0x08004674   0x00000038   Code   RO          537    i.MX_UART4_Init     usart.o
    0x080046ac   0x080046ac   0x00000038   Code   RO          538    i.MX_USART1_UART_Init  usart.o
    0x080046e4   0x080046e4   0x00000038   Code   RO          539    i.MX_USART2_UART_Init  usart.o
    0x0800471c   0x0800471c   0x00000038   Code   RO          540    i.MX_USART3_UART_Init  usart.o
    0x08004754   0x08004754   0x00000002   Code   RO          628    i.MemManage_Handler  stm32f4xx_it.o
    0x08004756   0x08004756   0x00000002   PAD
    0x08004758   0x08004758   0x00000088   Code   RO         5099    i.Motor_init        motor.o
    0x080047e0   0x080047e0   0x0000018c   Code   RO          245    i.MoveControl       freertos.o
    0x0800496c   0x0800496c   0x0000007c   Code   RO          246    i.MpuYawInit        freertos.o
    0x080049e8   0x080049e8   0x00000002   Code   RO          629    i.NMI_Handler       stm32f4xx_it.o
    0x080049ea   0x080049ea   0x00000002   PAD
    0x080049ec   0x080049ec   0x00000440   Code   RO          247    i.OdarGet           freertos.o
    0x08004e2c   0x08004e2c   0x0000001c   Code   RO         5349    i.PidMlpi_Param_Init  pid.o
    0x08004e48   0x08004e48   0x00000008   Code   RO         5350    i.PidParam_Init     pid.o
    0x08004e50   0x08004e50   0x000000b8   Code   RO          248    i.ReadMpu           freertos.o
    0x08004f08   0x08004f08   0x00000040   Code   RO         5100    i.Refresh_Car       motor.o
    0x08004f48   0x08004f48   0x00000028   Code   RO         5101    i.Refresh_CarDis    motor.o
    0x08004f70   0x08004f70   0x0000004c   Code   RO          249    i.SensorDataUpdata  freertos.o
    0x08004fbc   0x08004fbc   0x00000014   Code   RO          250    i.SensorUartSend    freertos.o
    0x08004fd0   0x08004fd0   0x00000068   Code   RO         5102    i.Split_CarTarParam  motor.o
    0x08005038   0x08005038   0x0000001c   Code   RO          251    i.StartDefaultTask  freertos.o
    0x08005054   0x08005054   0x0000001a   Code   RO         4453    i.SysTick_Handler   cmsis_os2.o
    0x0800506e   0x0800506e   0x00000002   PAD
    0x08005070   0x08005070   0x00000094   Code   RO           15    i.SystemClock_Config  main.o
    0x08005104   0x08005104   0x00000010   Code   RO         3288    i.SystemInit        system_stm32f4xx.o
    0x08005114   0x08005114   0x0000000c   Code   RO          630    i.TIM8_TRG_COM_TIM14_IRQHandler  stm32f4xx_it.o
    0x08005120   0x08005120   0x000000d0   Code   RO          896    i.TIM_Base_SetConfig  stm32f4xx_hal_tim.o
    0x080051f0   0x080051f0   0x0000001a   Code   RO          897    i.TIM_CCxChannelCmd  stm32f4xx_hal_tim.o
    0x0800520a   0x0800520a   0x00000014   Code   RO          907    i.TIM_ETR_SetConfig  stm32f4xx_hal_tim.o
    0x0800521e   0x0800521e   0x00000010   Code   RO          908    i.TIM_ITRx_SetConfig  stm32f4xx_hal_tim.o
    0x0800522e   0x0800522e   0x00000002   PAD
    0x08005230   0x08005230   0x00000060   Code   RO          909    i.TIM_OC1_SetConfig  stm32f4xx_hal_tim.o
    0x08005290   0x08005290   0x0000006c   Code   RO          910    i.TIM_OC2_SetConfig  stm32f4xx_hal_tim.o
    0x080052fc   0x080052fc   0x00000068   Code   RO          911    i.TIM_OC3_SetConfig  stm32f4xx_hal_tim.o
    0x08005364   0x08005364   0x00000050   Code   RO          912    i.TIM_OC4_SetConfig  stm32f4xx_hal_tim.o
    0x080053b4   0x080053b4   0x00000022   Code   RO          914    i.TIM_TI1_ConfigInputStage  stm32f4xx_hal_tim.o
    0x080053d6   0x080053d6   0x00000024   Code   RO          916    i.TIM_TI2_ConfigInputStage  stm32f4xx_hal_tim.o
    0x080053fa   0x080053fa   0x00000002   PAD
    0x080053fc   0x080053fc   0x0000000c   Code   RO          631    i.UART4_IRQHandler  stm32f4xx_it.o
    0x08005408   0x08005408   0x0000000e   Code   RO         2967    i.UART_DMAAbortOnError  stm32f4xx_hal_uart.o
    0x08005416   0x08005416   0x0000004a   Code   RO         2968    i.UART_DMAError     stm32f4xx_hal_uart.o
    0x08005460   0x08005460   0x00000086   Code   RO         2969    i.UART_DMAReceiveCplt  stm32f4xx_hal_uart.o
    0x080054e6   0x080054e6   0x0000001e   Code   RO         2971    i.UART_DMARxHalfCplt  stm32f4xx_hal_uart.o
    0x08005504   0x08005504   0x00000042   Code   RO         2973    i.UART_DMATransmitCplt  stm32f4xx_hal_uart.o
    0x08005546   0x08005546   0x0000000a   Code   RO         2975    i.UART_DMATxHalfCplt  stm32f4xx_hal_uart.o
    0x08005550   0x08005550   0x0000004e   Code   RO         2977    i.UART_EndRxTransfer  stm32f4xx_hal_uart.o
    0x0800559e   0x0800559e   0x0000001c   Code   RO         2978    i.UART_EndTxTransfer  stm32f4xx_hal_uart.o
    0x080055ba   0x080055ba   0x000000c2   Code   RO         2979    i.UART_Receive_IT   stm32f4xx_hal_uart.o
    0x0800567c   0x0800567c   0x0000010c   Code   RO         2980    i.UART_SetConfig    stm32f4xx_hal_uart.o
    0x08005788   0x08005788   0x000000a0   Code   RO         2981    i.UART_Start_Receive_DMA  stm32f4xx_hal_uart.o
    0x08005828   0x08005828   0x00000036   Code   RO         2982    i.UART_Start_Receive_IT  stm32f4xx_hal_uart.o
    0x0800585e   0x0800585e   0x00000072   Code   RO         2983    i.UART_WaitOnFlagUntilTimeout  stm32f4xx_hal_uart.o
    0x080058d0   0x080058d0   0x0000000c   Code   RO          632    i.USART1_IRQHandler  stm32f4xx_it.o
    0x080058dc   0x080058dc   0x0000000c   Code   RO          633    i.USART2_IRQHandler  stm32f4xx_it.o
    0x080058e8   0x080058e8   0x0000000c   Code   RO          634    i.USART3_IRQHandler  stm32f4xx_it.o
    0x080058f4   0x080058f4   0x00000002   Code   RO          635    i.UsageFault_Handler  stm32f4xx_it.o
    0x080058f6   0x080058f6   0x0000006e   Code   RO         5351    i.WheelVelSet       pid.o
    0x08005964   0x08005964   0x00000014   Code   RO         5187    i.WitDelayMsRegister  mpu.o
    0x08005978   0x08005978   0x0000001c   Code   RO         5189    i.WitInit           mpu.o
    0x08005994   0x08005994   0x00000140   Code   RO         5190    i.WitReadReg        mpu.o
    0x08005ad4   0x08005ad4   0x00000014   Code   RO         5191    i.WitRegisterCallBack  mpu.o
    0x08005ae8   0x08005ae8   0x00000100   Code   RO         5192    i.WitSerialDataIn   mpu.o
    0x08005be8   0x08005be8   0x00000014   Code   RO         5193    i.WitSerialWriteRegister  mpu.o
    0x08005bfc   0x08005bfc   0x00000054   Code   RO         5194    i.WitSetBandwidth   mpu.o
    0x08005c50   0x08005c50   0x00000054   Code   RO         5196    i.WitSetContent     mpu.o
    0x08005ca4   0x08005ca4   0x00000054   Code   RO         5197    i.WitSetOutputRate  mpu.o
    0x08005cf8   0x08005cf8   0x00000054   Code   RO         5198    i.WitSetUartBaud    mpu.o
    0x08005d4c   0x08005d4c   0x0000003c   Code   RO         5199    i.WitStartAccCali   mpu.o
    0x08005d88   0x08005d88   0x0000003c   Code   RO         5200    i.WitStartMagCali   mpu.o
    0x08005dc4   0x08005dc4   0x0000003c   Code   RO         5202    i.WitStopMagCali    mpu.o
    0x08005e00   0x08005e00   0x000000e8   Code   RO         5203    i.WitWriteReg       mpu.o
    0x08005ee8   0x08005ee8   0x00000020   Code   RO         5744    i.__0printf         mc_w.l(printfa.o)
    0x08005f08   0x08005f08   0x0000002c   Code   RO         5204    i.__CRC16           mpu.o
    0x08005f34   0x08005f34   0x00000090   Code   RO         5352    i.__Incremental_PID  pid.o
    0x08005fc4   0x08005fc4   0x00000020   Code   RO         5103    i.__MoterParamGet   motor.o
    0x08005fe4   0x08005fe4   0x00000020   Code   RO         2534    i.__NVIC_SetPriority  stm32f4xx_hal_cortex.o
    0x08006004   0x08006004   0x0000019c   Code   RO         5104    i.__PWM_MotorSet    motor.o
    0x080061a0   0x080061a0   0x00000074   Code   RO         5353    i.__Realize_PID     pid.o
    0x08006214   0x08006214   0x00000006   Code   RO         5105    i.__carStatDertaVel_Update  motor.o
    0x0800621a   0x0800621a   0x00000008   Code   RO         5107    i.__carStatVel_Update  motor.o
    0x08006222   0x08006222   0x00000036   Code   RO         5108    i.__carStat_Update  motor.o
    0x08006258   0x08006258   0x000000b0   Code   RO         5478    i.__hardfp_fmodf    m_wm.l(fmodf.o)
    0x08006308   0x08006308   0x00000010   Code   RO         5793    i.__mathlib_flt_invalid  m_wm.l(funder.o)
    0x08006318   0x08006318   0x0000000e   Code   RO         5868    i.__scatterload_copy  mc_w.l(handlers.o)
    0x08006326   0x08006326   0x00000002   Code   RO         5869    i.__scatterload_null  mc_w.l(handlers.o)
    0x08006328   0x08006328   0x0000000e   Code   RO         5870    i.__scatterload_zeroinit  mc_w.l(handlers.o)
    0x08006336   0x08006336   0x00000002   PAD
    0x08006338   0x08006338   0x0000000c   Code   RO         5827    i.__set_errno       mc_w.l(errno.o)
    0x08006344   0x08006344   0x00000184   Code   RO         5751    i._fp_digits        mc_w.l(printfa.o)
    0x080064c8   0x080064c8   0x0000000e   Code   RO         5778    i._is_digit         mc_w.l(scanf_fp.o)
    0x080064d6   0x080064d6   0x00000002   PAD
    0x080064d8   0x080064d8   0x000006dc   Code   RO         5752    i._printf_core      mc_w.l(printfa.o)
    0x08006bb4   0x08006bb4   0x00000024   Code   RO         5753    i._printf_post_padding  mc_w.l(printfa.o)
    0x08006bd8   0x08006bd8   0x0000002e   Code   RO         5754    i._printf_pre_padding  mc_w.l(printfa.o)
    0x08006c06   0x08006c06   0x00000002   PAD
    0x08006c08   0x08006c08   0x0000006c   Code   RO         5354    i.calculateAngleError  pid.o
    0x08006c74   0x08006c74   0x00000002   Code   RO          252    i.configureTimerForRunTimeStats  freertos.o
    0x08006c76   0x08006c76   0x00000002   PAD
    0x08006c78   0x08006c78   0x000000cc   Code   RO          541    i.data_process      usart.o
    0x08006d44   0x08006d44   0x0000000e   Code   RO         5355    i.fastest_fabsf     pid.o
    0x08006d52   0x08006d52   0x00000002   PAD
    0x08006d54   0x08006d54   0x00000018   Code   RO          542    i.fputc             usart.o
    0x08006d6c   0x08006d6c   0x00000004   Code   RO          253    i.getRunTimeCounterValue  freertos.o
    0x08006d70   0x08006d70   0x00000074   Code   RO           16    i.main              main.o
    0x08006de4   0x08006de4   0x0000003c   Code   RO          254    i.normalizeYaw      freertos.o
    0x08006e20   0x08006e20   0x0000001a   Code   RO         4455    i.osDelay           cmsis_os2.o
    0x08006e3a   0x08006e3a   0x00000002   PAD
    0x08006e3c   0x08006e3c   0x00000024   Code   RO         4469    i.osKernelInitialize  cmsis_os2.o
    0x08006e60   0x08006e60   0x00000038   Code   RO         4472    i.osKernelStart     cmsis_os2.o
    0x08006e98   0x08006e98   0x00000098   Code   RO         4500    i.osSemaphoreNew    cmsis_os2.o
    0x08006f30   0x08006f30   0x0000008a   Code   RO         4514    i.osThreadNew       cmsis_os2.o
    0x08006fba   0x08006fba   0x00000002   PAD
    0x08006fbc   0x08006fbc   0x0000005c   Code   RO         3896    i.prvAddCurrentTaskToDelayedList  tasks.o
    0x08007018   0x08007018   0x000000d0   Code   RO         3897    i.prvAddNewTaskToReadyList  tasks.o
    0x080070e8   0x080070e8   0x00000058   Code   RO         4282    i.prvCheckForValidListAndQueue  timers.o
    0x08007140   0x08007140   0x00000026   Code   RO         3493    i.prvCopyDataFromQueue  queue.o
    0x08007166   0x08007166   0x0000006c   Code   RO         3494    i.prvCopyDataToQueue  queue.o
    0x080071d2   0x080071d2   0x00000034   Code   RO         3898    i.prvDeleteTCB      tasks.o
    0x08007206   0x08007206   0x00000002   PAD
    0x08007208   0x08007208   0x0000004c   Code   RO         4963    i.prvHeapInit       heap_4.o
    0x08007254   0x08007254   0x00000060   Code   RO         3899    i.prvIdleTask       tasks.o
    0x080072b4   0x080072b4   0x00000022   Code   RO         3496    i.prvInitialiseNewQueue  queue.o
    0x080072d6   0x080072d6   0x00000002   PAD
    0x080072d8   0x080072d8   0x000000b2   Code   RO         3900    i.prvInitialiseNewTask  tasks.o
    0x0800738a   0x0800738a   0x00000002   PAD
    0x0800738c   0x0800738c   0x0000004c   Code   RO         4964    i.prvInsertBlockIntoFreeList  heap_4.o
    0x080073d8   0x080073d8   0x00000038   Code   RO         4284    i.prvInsertTimerInActiveList  timers.o
    0x08007410   0x08007410   0x0000001c   Code   RO         3497    i.prvIsQueueEmpty   queue.o
    0x0800742c   0x0800742c   0x000000fc   Code   RO         4285    i.prvProcessReceivedCommands  timers.o
    0x08007528   0x08007528   0x000000c0   Code   RO         4286    i.prvProcessTimerOrBlockTask  timers.o
    0x080075e8   0x080075e8   0x00000020   Code   RO         3902    i.prvResetNextTaskUnblockTime  tasks.o
    0x08007608   0x08007608   0x00000028   Code   RO         4287    i.prvSampleTimeNow  timers.o
    0x08007630   0x08007630   0x0000006c   Code   RO         4288    i.prvSwitchTimerLists  timers.o
    0x0800769c   0x0800769c   0x00000028   Code   RO         5019    i.prvTaskExitError  port.o
    0x080076c4   0x080076c4   0x00000024   Code   RO         4289    i.prvTimerTask      timers.o
    0x080076e8   0x080076e8   0x0000006a   Code   RO         3498    i.prvUnlockQueue    queue.o
    0x08007752   0x08007752   0x00000002   PAD
    0x08007754   0x08007754   0x000000dc   Code   RO         4965    i.pvPortMalloc      heap_4.o
    0x08007830   0x08007830   0x00000018   Code   RO         3906    i.pvTaskIncrementMutexHeldCount  tasks.o
    0x08007848   0x08007848   0x0000002c   Code   RO         5020    i.pxPortInitialiseStack  port.o
    0x08007874   0x08007874   0x00000068   Code   RO         3907    i.ulTaskNotifyTake  tasks.o
    0x080078dc   0x080078dc   0x00000026   Code   RO         3453    i.uxListRemove      list.o
    0x08007902   0x08007902   0x00000002   PAD
    0x08007904   0x08007904   0x00000014   Code   RO         4526    i.vApplicationGetIdleTaskMemory  cmsis_os2.o
    0x08007918   0x08007918   0x00000018   Code   RO         4527    i.vApplicationGetTimerTaskMemory  cmsis_os2.o
    0x08007930   0x08007930   0x00000016   Code   RO         3454    i.vListInitialise   list.o
    0x08007946   0x08007946   0x00000006   Code   RO         3455    i.vListInitialiseItem  list.o
    0x0800794c   0x0800794c   0x00000030   Code   RO         3456    i.vListInsert       list.o
    0x0800797c   0x0800797c   0x00000018   Code   RO         3457    i.vListInsertEnd    list.o
    0x08007994   0x08007994   0x00000040   Code   RO         5022    i.vPortEnterCritical  port.o
    0x080079d4   0x080079d4   0x00000028   Code   RO         5023    i.vPortExitCritical  port.o
    0x080079fc   0x080079fc   0x00000064   Code   RO         4966    i.vPortFree         heap_4.o
    0x08007a60   0x08007a60   0x00000024   Code   RO         5024    i.vPortSetupTimerInterrupt  port.o
    0x08007a84   0x08007a84   0x00000054   Code   RO         5025    i.vPortValidateInterruptPriority  port.o
    0x08007ad8   0x08007ad8   0x00000028   Code   RO         3504    i.vQueueAddToRegistry  queue.o
    0x08007b00   0x08007b00   0x0000002e   Code   RO         3505    i.vQueueDelete      queue.o
    0x08007b2e   0x08007b2e   0x00000002   PAD
    0x08007b30   0x08007b30   0x00000028   Code   RO         3507    i.vQueueUnregisterQueue  queue.o
    0x08007b58   0x08007b58   0x00000044   Code   RO         3508    i.vQueueWaitForMessageRestricted  queue.o
    0x08007b9c   0x08007b9c   0x0000004c   Code   RO         3916    i.vTaskDelay        tasks.o
    0x08007be8   0x08007be8   0x0000008c   Code   RO         3917    i.vTaskDelayUntil   tasks.o
    0x08007c74   0x08007c74   0x00000010   Code   RO         3922    i.vTaskInternalSetTimeOutState  tasks.o
    0x08007c84   0x08007c84   0x0000000c   Code   RO         3924    i.vTaskMissedYield  tasks.o
    0x08007c90   0x08007c90   0x00000030   Code   RO         3926    i.vTaskPlaceOnEventList  tasks.o
    0x08007cc0   0x08007cc0   0x00000038   Code   RO         3927    i.vTaskPlaceOnEventListRestricted  tasks.o
    0x08007cf8   0x08007cf8   0x00000090   Code   RO         3929    i.vTaskPriorityDisinheritAfterTimeout  tasks.o
    0x08007d88   0x08007d88   0x0000008c   Code   RO         3935    i.vTaskStartScheduler  tasks.o
    0x08007e14   0x08007e14   0x00000010   Code   RO         3937    i.vTaskSuspendAll   tasks.o
    0x08007e24   0x08007e24   0x0000007c   Code   RO         3938    i.vTaskSwitchContext  tasks.o
    0x08007ea0   0x08007ea0   0x000000f4   Code   RO         5026    i.xPortStartScheduler  port.o
    0x08007f94   0x08007f94   0x0000002c   Code   RO         5027    i.xPortSysTickHandler  port.o
    0x08007fc0   0x08007fc0   0x0000003a   Code   RO         3509    i.xQueueCreateCountingSemaphore  queue.o
    0x08007ffa   0x08007ffa   0x00000040   Code   RO         3510    i.xQueueCreateCountingSemaphoreStatic  queue.o
    0x0800803a   0x0800803a   0x00000042   Code   RO         3513    i.xQueueGenericCreate  queue.o
    0x0800807c   0x0800807c   0x00000066   Code   RO         3514    i.xQueueGenericCreateStatic  queue.o
    0x080080e2   0x080080e2   0x00000002   PAD
    0x080080e4   0x080080e4   0x00000088   Code   RO         3515    i.xQueueGenericReset  queue.o
    0x0800816c   0x0800816c   0x00000160   Code   RO         3516    i.xQueueGenericSend  queue.o
    0x080082cc   0x080082cc   0x000000be   Code   RO         3517    i.xQueueGenericSendFromISR  queue.o
    0x0800838a   0x0800838a   0x0000009c   Code   RO         3520    i.xQueueGiveFromISR  queue.o
    0x08008426   0x08008426   0x00000002   PAD
    0x08008428   0x08008428   0x00000138   Code   RO         3526    i.xQueueReceive     queue.o
    0x08008560   0x08008560   0x00000178   Code   RO         3528    i.xQueueSemaphoreTake  queue.o
    0x080086d8   0x080086d8   0x00000074   Code   RO         3940    i.xTaskCheckForTimeOut  tasks.o
    0x0800874c   0x0800874c   0x0000005a   Code   RO         3941    i.xTaskCreate       tasks.o
    0x080087a6   0x080087a6   0x00000056   Code   RO         3942    i.xTaskCreateStatic  tasks.o
    0x080087fc   0x080087fc   0x000000e0   Code   RO         3943    i.xTaskGenericNotify  tasks.o
    0x080088dc   0x080088dc   0x0000001c   Code   RO         3946    i.xTaskGetSchedulerState  tasks.o
    0x080088f8   0x080088f8   0x0000000c   Code   RO         3947    i.xTaskGetTickCount  tasks.o
    0x08008904   0x08008904   0x000000c8   Code   RO         3949    i.xTaskIncrementTick  tasks.o
    0x080089cc   0x080089cc   0x00000080   Code   RO         3952    i.xTaskPriorityDisinherit  tasks.o
    0x08008a4c   0x08008a4c   0x00000078   Code   RO         3953    i.xTaskPriorityInherit  tasks.o
    0x08008ac4   0x08008ac4   0x00000070   Code   RO         3954    i.xTaskRemoveFromEventList  tasks.o
    0x08008b34   0x08008b34   0x000000c4   Code   RO         3955    i.xTaskResumeAll    tasks.o
    0x08008bf8   0x08008bf8   0x00000060   Code   RO         4298    i.xTimerCreateTimerTask  timers.o
    0x08008c58   0x08008c58   0x00000068   Code   RO         4299    i.xTimerGenericCommand  timers.o
    0x08008cc0   0x08008cc0   0x000000ec   Data   RO          258    .constdata          freertos.o
    0x08008dac   0x08008dac   0x00000008   Data   RO         2248    .constdata          stm32f4xx_hal_dma.o
    0x08008db4   0x08008db4   0x00000010   Data   RO         3289    .constdata          system_stm32f4xx.o
    0x08008dc4   0x08008dc4   0x00000008   Data   RO         3290    .constdata          system_stm32f4xx.o
    0x08008dcc   0x08008dcc   0x00000200   Data   RO         5206    .constdata          mpu.o
    0x08008fcc   0x08008fcc   0x00000040   Data   RO         5864    .constdata          mc_w.l(ctype_c.o)
    0x0800900c   0x0800900c   0x00000058   Data   RO          259    .conststring        freertos.o
    0x08009064   0x08009064   0x00000020   Data   RO         5866    Region$$Table       anon$$obj.o


    Execution Region RW_IRAM1 (Exec base: 0x20000000, Load base: 0x08009084, Size: 0x00005990, Max: 0x0001c000, ABSOLUTE, COMPRESSED[0x00000020])

    Exec Addr    Load Addr    Size         Type   Attr      Idx    E Section Name        Object

    0x20000000   COMPRESSED   0x00000054   Data   RW          260    .data               freertos.o
    0x20000054   COMPRESSED   0x00000001   Data   RW          262    .data               freertos.o
    0x20000055   COMPRESSED   0x00000001   PAD
    0x20000056   COMPRESSED   0x00000002   Data   RW          263    .data               freertos.o
    0x20000058   COMPRESSED   0x00000002   Data   RW          264    .data               freertos.o
    0x2000005a   COMPRESSED   0x00000002   PAD
    0x2000005c   COMPRESSED   0x00000004   Data   RW          265    .data               freertos.o
    0x20000060   COMPRESSED   0x00000004   Data   RW          266    .data               freertos.o
    0x20000064   COMPRESSED   0x00000002   Data   RW          544    .data               usart.o
    0x20000066   COMPRESSED   0x00000002   PAD
    0x20000068   COMPRESSED   0x0000000c   Data   RW         2693    .data               stm32f4xx_hal.o
    0x20000074   COMPRESSED   0x00000004   Data   RW         3291    .data               system_stm32f4xx.o
    0x20000078   COMPRESSED   0x00000044   Data   RW         3958    .data               tasks.o
    0x200000bc   COMPRESSED   0x00000014   Data   RW         4307    .data               timers.o
    0x200000d0   COMPRESSED   0x00000004   Data   RW         4529    .data               cmsis_os2.o
    0x200000d4   COMPRESSED   0x00000020   Data   RW         4972    .data               heap_4.o
    0x200000f4   COMPRESSED   0x0000000c   Data   RW         5028    .data               port.o
    0x20000100   COMPRESSED   0x00000028   Data   RW         5207    .data               mpu.o
    0x20000128   COMPRESSED   0x00000004   Data   RW         5818    .data               mc_w.l(stdout.o)
    0x2000012c   COMPRESSED   0x00000004   Data   RW         5828    .data               mc_w.l(errno.o)
    0x20000130        -       0x000003d8   Zero   RW          255    .bss                freertos.o
    0x20000508        -       0x00000240   Zero   RW          444    .bss                tim.o
    0x20000748        -       0x00000300   Zero   RW          543    .bss                usart.o
    0x20000a48        -       0x00000048   Zero   RW          765    .bss                stm32f4xx_hal_timebase_tim.o
    0x20000a90        -       0x00000040   Zero   RW         3530    .bss                queue.o
    0x20000ad0        -       0x000004c4   Zero   RW         3957    .bss                tasks.o
    0x20000f94        -       0x00000118   Zero   RW         4306    .bss                timers.o
    0x200010ac        -       0x000006c0   Zero   RW         4528    .bss                cmsis_os2.o
    0x2000176c        -       0x00003c00   Zero   RW         4971    .bss                heap_4.o
    0x2000536c        -       0x00000220   Zero   RW         5205    .bss                mpu.o
    0x2000558c   COMPRESSED   0x00000004   PAD
    0x20005590        -       0x00000400   Zero   RW            1    STACK               startup_stm32f407xx.o


    Execution Region RW_IRAM2 (Exec base: 0x2001c000, Load base: 0x080090a4, Size: 0x00000000, Max: 0x00004000, ABSOLUTE)

    **** No section assigned to this execution region ****


==============================================================================

Image component sizes


      Code (inc. data)   RO Data    RW Data    ZI Data      Debug   Object Name

       478         22          0          4       1728      63288   cmsis_os2.o
       124          4          0          0          0        842   dma.o
         0          0          0          0          0      19344   event_groups.o
      3588        986        324         97        984      22151   freertos.o
       240         14          0          0          0       1059   gpio.o
       472         24          0         32      15360       4859   heap_4.o
       138          0          0          0          0       3534   list.o
       288         28          0          0          0     709582   main.o
      1336        134          0          0          0       7897   motor.o
      1652        106        512         40        544      13934   mpu.o
      1450         82          0          0          0       9006   pid.o
       786         82          0         12          0      11489   port.o
      2320         28          0          0         64      24977   queue.o
        36          8        392          0       1024        836   startup_stm32f407xx.o
       116         18          0         12          0       8710   stm32f4xx_hal.o
       192         14          0          0          0      33716   stm32f4xx_hal_cortex.o
      1182         16          8          0          0       8071   stm32f4xx_hal_dma.o
       882         86          0          0          0       3783   stm32f4xx_hal_gpio.o
        56          4          0          0          0        866   stm32f4xx_hal_msp.o
      1408         82          0          0          0       5909   stm32f4xx_hal_rcc.o
      2280        136          0          0          0      19005   stm32f4xx_hal_tim.o
       232         28          0          0          0       3301   stm32f4xx_hal_tim_ex.o
       152         20          0          0         72       1476   stm32f4xx_hal_timebase_tim.o
      2420         40          0          0          0      19205   stm32f4xx_hal_uart.o
       132         60          0          0          0       7526   stm32f4xx_it.o
         0          0          0          0          0        392   stream_buffer.o
        16          4         24          4          0       1127   system_stm32f4xx.o
      2870        228          0         68       1220      32951   tasks.o
      1656        146          0          0        576       8385   tim.o
       972         80          0         20        280      29523   timers.o
      1504        178          0          2        768       8851   usart.o

    ----------------------------------------------------------------------
     29028       2658       1292        296      22624    1085595   Object Totals
         0          0         32          0          0          0   (incl. Generated)
        50          0          0          5          4          0   (incl. Padding)

    ----------------------------------------------------------------------

      Code (inc. data)   RO Data    RW Data    ZI Data      Debug   Library Member Name

       176          0          0          0          0        168   fmodf.o
        16          6          0          0          0        116   funder.o
        56          8          0          0          0         84   __0sscanf.o
        58          0          0          0          0          0   __dczerorl.o
        28          0          0          0          0         68   _chval.o
       812          4          0          0          0        112   _scanf.o
       332          0          0          0          0         96   _scanf_int.o
        64          0          0          0          0         84   _sgetc.o
        40          6         64          0          0         68   ctype_c.o
         0          0          0          0          0          0   entry.o
         0          0          0          0          0          0   entry10a.o
         0          0          0          0          0          0   entry11a.o
         8          4          0          0          0          0   entry2.o
         4          0          0          0          0          0   entry5.o
         0          0          0          0          0          0   entry7b.o
         0          0          0          0          0          0   entry8b.o
         8          4          0          0          0          0   entry9a.o
        12          6          0          4          0         68   errno.o
        30          0          0          0          0          0   handlers.o
        36          8          0          0          0         68   init.o
        10          0          0          0          0         68   isspace_c.o
         0          0          0          0          0          0   iusefp.o
        30          0          0          0          0         68   llshl.o
        36          0          0          0          0         68   llsshr.o
        32          0          0          0          0         68   llushr.o
        36          0          0          0          0         68   memcpya.o
        36          0          0          0          0        108   memseta.o
      2258         90          0          0          0        452   printfa.o
        40          8          0          0          0         84   scanf_char.o
       878         12          0          0          0        216   scanf_fp.o
         0          0          0          4          0          0   stdout.o
        14          0          0          0          0         68   strlen.o
        44          0          0          0          0         80   uidiv.o
        98          0          0          0          0         92   uldiv.o
        48          0          0          0          0         68   cdrcmple.o
        56          0          0          0          0         88   d2f.o
       334          0          0          0          0        148   dadd.o
       222          0          0          0          0        100   ddiv.o
       186          0          0          0          0        176   depilogue.o
        48          0          0          0          0         68   dfixul.o
        34          0          0          0          0         76   dflti.o
        24          0          0          0          0         76   dfltul.o
       228          0          0          0          0         96   dmul.o
        38          0          0          0          0         68   f2d.o
       110          0          0          0          0        168   fepilogue.o
        82          0          0          0          0         96   frem.o

    ----------------------------------------------------------------------
      6612        156         64          8          0       3600   Library Totals
        10          0          0          0          0          0   (incl. Padding)

    ----------------------------------------------------------------------

      Code (inc. data)   RO Data    RW Data    ZI Data      Debug   Library Name

       192          6          0          0          0        284   m_wm.l
      5000        150         64          8          0       2088   mc_w.l
      1410          0          0          0          0       1228   mf_w.l

    ----------------------------------------------------------------------
      6612        156         64          8          0       3600   Library Totals

    ----------------------------------------------------------------------

==============================================================================


      Code (inc. data)   RO Data    RW Data    ZI Data      Debug   

     35640       2814       1356        304      22624    1062311   Grand Totals
     35640       2814       1356         32      22624    1062311   ELF Image Totals (compressed)
     35640       2814       1356         32          0          0   ROM Totals

==============================================================================

    Total RO  Size (Code + RO Data)                36996 (  36.13kB)
    Total RW  Size (RW Data + ZI Data)             22928 (  22.39kB)
    Total ROM Size (Code + RO Data + RW Data)      37028 (  36.16kB)

==============================================================================

